Archive member included to satisfy reference by file (symbol)

c:/program files (x86)/gnu arm embedded toolchain/10 2021.10/bin/../lib/gcc/arm-none-eabi/10.3.1/../../../../arm-none-eabi/lib/thumb/v7e-m+fp/hard\libc_nano.a(lib_a-exit.o)
                              c:/program files (x86)/gnu arm embedded toolchain/10 2021.10/bin/../lib/gcc/arm-none-eabi/10.3.1/../../../../arm-none-eabi/lib/thumb/v7e-m+fp/hard/crt0.o (exit)
c:/program files (x86)/gnu arm embedded toolchain/10 2021.10/bin/../lib/gcc/arm-none-eabi/10.3.1/../../../../arm-none-eabi/lib/thumb/v7e-m+fp/hard\libc_nano.a(lib_a-impure.o)
                              c:/program files (x86)/gnu arm embedded toolchain/10 2021.10/bin/../lib/gcc/arm-none-eabi/10.3.1/../../../../arm-none-eabi/lib/thumb/v7e-m+fp/hard\libc_nano.a(lib_a-exit.o) (_global_impure_ptr)
c:/program files (x86)/gnu arm embedded toolchain/10 2021.10/bin/../lib/gcc/arm-none-eabi/10.3.1/../../../../arm-none-eabi/lib/thumb/v7e-m+fp/hard\libc_nano.a(lib_a-init.o)
                              c:/program files (x86)/gnu arm embedded toolchain/10 2021.10/bin/../lib/gcc/arm-none-eabi/10.3.1/../../../../arm-none-eabi/lib/thumb/v7e-m+fp/hard/crt0.o (__libc_init_array)
c:/program files (x86)/gnu arm embedded toolchain/10 2021.10/bin/../lib/gcc/arm-none-eabi/10.3.1/../../../../arm-none-eabi/lib/thumb/v7e-m+fp/hard\libc_nano.a(lib_a-memset.o)
                              c:/program files (x86)/gnu arm embedded toolchain/10 2021.10/bin/../lib/gcc/arm-none-eabi/10.3.1/../../../../arm-none-eabi/lib/thumb/v7e-m+fp/hard/crt0.o (memset)
c:/program files (x86)/gnu arm embedded toolchain/10 2021.10/bin/../lib/gcc/arm-none-eabi/10.3.1/../../../../arm-none-eabi/lib/thumb/v7e-m+fp/hard\libnosys.a(_exit.o)
                              c:/program files (x86)/gnu arm embedded toolchain/10 2021.10/bin/../lib/gcc/arm-none-eabi/10.3.1/../../../../arm-none-eabi/lib/thumb/v7e-m+fp/hard\libc_nano.a(lib_a-exit.o) (_exit)
c:/program files (x86)/gnu arm embedded toolchain/10 2021.10/bin/../lib/gcc/arm-none-eabi/10.3.1/thumb/v7e-m+fp/hard\libgcc.a(_aeabi_uldivmod.o)
                              build/stm32f4xx_hal_rcc.o (__aeabi_uldivmod)
c:/program files (x86)/gnu arm embedded toolchain/10 2021.10/bin/../lib/gcc/arm-none-eabi/10.3.1/thumb/v7e-m+fp/hard\libgcc.a(_udivmoddi4.o)
                              c:/program files (x86)/gnu arm embedded toolchain/10 2021.10/bin/../lib/gcc/arm-none-eabi/10.3.1/thumb/v7e-m+fp/hard\libgcc.a(_aeabi_uldivmod.o) (__udivmoddi4)
c:/program files (x86)/gnu arm embedded toolchain/10 2021.10/bin/../lib/gcc/arm-none-eabi/10.3.1/thumb/v7e-m+fp/hard\libgcc.a(_dvmd_tls.o)
                              c:/program files (x86)/gnu arm embedded toolchain/10 2021.10/bin/../lib/gcc/arm-none-eabi/10.3.1/thumb/v7e-m+fp/hard\libgcc.a(_aeabi_uldivmod.o) (__aeabi_ldiv0)

Discarded input sections

 .text          0x00000000        0x0 c:/program files (x86)/gnu arm embedded toolchain/10 2021.10/bin/../lib/gcc/arm-none-eabi/10.3.1/thumb/v7e-m+fp/hard/crti.o
 .data          0x00000000        0x0 c:/program files (x86)/gnu arm embedded toolchain/10 2021.10/bin/../lib/gcc/arm-none-eabi/10.3.1/thumb/v7e-m+fp/hard/crti.o
 .bss           0x00000000        0x0 c:/program files (x86)/gnu arm embedded toolchain/10 2021.10/bin/../lib/gcc/arm-none-eabi/10.3.1/thumb/v7e-m+fp/hard/crti.o
 .data          0x00000000        0x4 c:/program files (x86)/gnu arm embedded toolchain/10 2021.10/bin/../lib/gcc/arm-none-eabi/10.3.1/thumb/v7e-m+fp/hard/crtbegin.o
 .rodata        0x00000000       0x24 c:/program files (x86)/gnu arm embedded toolchain/10 2021.10/bin/../lib/gcc/arm-none-eabi/10.3.1/thumb/v7e-m+fp/hard/crtbegin.o
 .text          0x00000000       0x7c c:/program files (x86)/gnu arm embedded toolchain/10 2021.10/bin/../lib/gcc/arm-none-eabi/10.3.1/../../../../arm-none-eabi/lib/thumb/v7e-m+fp/hard/crt0.o
 .data          0x00000000        0x0 c:/program files (x86)/gnu arm embedded toolchain/10 2021.10/bin/../lib/gcc/arm-none-eabi/10.3.1/../../../../arm-none-eabi/lib/thumb/v7e-m+fp/hard/crt0.o
 .bss           0x00000000        0x0 c:/program files (x86)/gnu arm embedded toolchain/10 2021.10/bin/../lib/gcc/arm-none-eabi/10.3.1/../../../../arm-none-eabi/lib/thumb/v7e-m+fp/hard/crt0.o
 .ARM.extab     0x00000000        0x0 c:/program files (x86)/gnu arm embedded toolchain/10 2021.10/bin/../lib/gcc/arm-none-eabi/10.3.1/../../../../arm-none-eabi/lib/thumb/v7e-m+fp/hard/crt0.o
 .ARM.exidx     0x00000000       0x10 c:/program files (x86)/gnu arm embedded toolchain/10 2021.10/bin/../lib/gcc/arm-none-eabi/10.3.1/../../../../arm-none-eabi/lib/thumb/v7e-m+fp/hard/crt0.o
 .ARM.attributes
                0x00000000       0x1c c:/program files (x86)/gnu arm embedded toolchain/10 2021.10/bin/../lib/gcc/arm-none-eabi/10.3.1/../../../../arm-none-eabi/lib/thumb/v7e-m+fp/hard/crt0.o
 .text          0x00000000        0x0 build/main.o
 .data          0x00000000        0x0 build/main.o
 .bss           0x00000000        0x0 build/main.o
[...]
Memory Configuration

Name             Origin             Length             Attributes
RAM              0x20000000         0x00020000         xrw
FLASH            0x08000000         0x00080000         xr
*default*        0x00000000         0xffffffff

Linker script and memory map

LOAD c:/program files (x86)/gnu arm embedded toolchain/10 2021.10/bin/../lib/gcc/arm-none-eabi/10.3.1/thumb/v7e-m+fp/hard/crti.o
LOAD c:/program files (x86)/gnu arm embedded toolchain/10 2021.10/bin/../lib/gcc/arm-none-eabi/10.3.1/thumb/v7e-m+fp/hard/crtbegin.o
LOAD c:/program files (x86)/gnu arm embedded toolchain/10 2021.10/bin/../lib/gcc/arm-none-eabi/10.3.1/../../../../arm-none-eabi/lib/thumb/v7e-m+fp/hard/crt0.o
LOAD build/main.o
LOAD build/app_threadx.o
LOAD build/stm32f4xx_it.o
LOAD build/stm32f4xx_hal_msp.o
LOAD build/stm32f4xx_hal_timebase_tim.o
LOAD build/app_azure_rtos.o
LOAD build/stm32f4xx_hal_rcc.o
LOAD build/stm32f4xx_hal_rcc_ex.o
LOAD build/stm32f4xx_hal_flash.o
LOAD build/stm32f4xx_hal_flash_ex.o
LOAD build/stm32f4xx_hal_flash_ramfunc.o
LOAD build/stm32f4xx_hal_gpio.o
LOAD build/stm32f4xx_hal_dma_ex.o
LOAD build/stm32f4xx_hal_dma.o
LOAD build/stm32f4xx_hal_pwr.o
LOAD build/stm32f4xx_hal_pwr_ex.o
LOAD build/stm32f4xx_hal_cortex.o
LOAD build/stm32f4xx_hal.o
LOAD build/stm32f4xx_hal_exti.o
LOAD build/stm32f4xx_hal_tim.o
LOAD build/stm32f4xx_hal_tim_ex.o
LOAD build/system_stm32f4xx.o
LOAD build/tx_initialize_high_level.o
LOAD build/tx_initialize_kernel_enter.o
LOAD build/tx_initialize_kernel_setup.o
LOAD build/tx_block_allocate.o
LOAD build/tx_block_pool_cleanup.o
LOAD build/tx_block_pool_create.o
LOAD build/tx_block_pool_delete.o
LOAD build/tx_block_pool_info_get.o
LOAD build/tx_block_pool_initialize.o
LOAD build/tx_block_pool_prioritize.o
LOAD build/tx_block_release.o
LOAD build/tx_byte_allocate.o
LOAD build/tx_byte_pool_cleanup.o
LOAD build/tx_byte_pool_create.o
LOAD build/tx_byte_pool_delete.o
LOAD build/tx_byte_pool_info_get.o
LOAD build/tx_byte_pool_initialize.o
LOAD build/tx_byte_pool_prioritize.o
LOAD build/tx_byte_pool_search.o
LOAD build/tx_byte_release.o
LOAD build/tx_event_flags_cleanup.o
LOAD build/tx_event_flags_create.o
LOAD build/tx_event_flags_delete.o
LOAD build/tx_event_flags_get.o
LOAD build/tx_event_flags_info_get.o
LOAD build/tx_event_flags_initialize.o
LOAD build/tx_event_flags_set.o
LOAD build/tx_event_flags_set_notify.o
LOAD build/tx_mutex_cleanup.o
LOAD build/tx_mutex_create.o
LOAD build/tx_mutex_delete.o
LOAD build/tx_mutex_get.o
LOAD build/tx_mutex_info_get.o
LOAD build/tx_mutex_initialize.o
LOAD build/tx_mutex_prioritize.o
LOAD build/tx_mutex_priority_change.o
LOAD build/tx_mutex_put.o
LOAD build/tx_queue_cleanup.o
LOAD build/tx_queue_create.o
LOAD build/tx_queue_delete.o
LOAD build/tx_queue_flush.o
LOAD build/tx_queue_front_send.o
LOAD build/tx_queue_info_get.o
LOAD build/tx_queue_initialize.o
LOAD build/tx_queue_prioritize.o
LOAD build/tx_queue_receive.o
LOAD build/tx_queue_send.o
LOAD build/tx_queue_send_notify.o
LOAD build/tx_semaphore_ceiling_put.o
LOAD build/tx_semaphore_cleanup.o
LOAD build/tx_semaphore_create.o
LOAD build/tx_semaphore_delete.o
LOAD build/tx_semaphore_get.o
LOAD build/tx_semaphore_info_get.o
LOAD build/tx_semaphore_initialize.o
LOAD build/tx_semaphore_prioritize.o
LOAD build/tx_semaphore_put.o
LOAD build/tx_semaphore_put_notify.o
LOAD build/tx_thread_create.o
LOAD build/tx_thread_delete.o
LOAD build/tx_thread_entry_exit_notify.o
LOAD build/tx_thread_identify.o
LOAD build/tx_thread_info_get.o
LOAD build/tx_thread_initialize.o
LOAD build/tx_thread_preemption_change.o
LOAD build/tx_thread_priority_change.o
LOAD build/tx_thread_relinquish.o
LOAD build/tx_thread_reset.o
LOAD build/tx_thread_resume.o
LOAD build/tx_thread_shell_entry.o
LOAD build/tx_thread_sleep.o
LOAD build/tx_thread_stack_analyze.o
LOAD build/tx_thread_stack_error_handler.o
LOAD build/tx_thread_stack_error_notify.o
LOAD build/tx_thread_suspend.o
LOAD build/tx_thread_system_preempt_check.o
LOAD build/tx_thread_system_resume.o
LOAD build/tx_thread_system_suspend.o
LOAD build/tx_thread_terminate.o
LOAD build/tx_thread_time_slice.o
LOAD build/tx_thread_time_slice_change.o
LOAD build/tx_thread_timeout.o
LOAD build/tx_thread_wait_abort.o
LOAD build/tx_time_get.o
LOAD build/tx_time_set.o
LOAD build/txe_block_allocate.o
LOAD build/txe_block_pool_create.o
LOAD build/txe_block_pool_delete.o
LOAD build/txe_block_pool_info_get.o
LOAD build/txe_block_pool_prioritize.o
LOAD build/txe_block_release.o
LOAD build/txe_byte_allocate.o
LOAD build/txe_byte_pool_create.o
LOAD build/txe_byte_pool_delete.o
LOAD build/txe_byte_pool_info_get.o
LOAD build/txe_byte_pool_prioritize.o
LOAD build/txe_byte_release.o
LOAD build/txe_event_flags_create.o
LOAD build/txe_event_flags_delete.o
LOAD build/txe_event_flags_get.o
LOAD build/txe_event_flags_info_get.o
LOAD build/txe_event_flags_set.o
LOAD build/txe_event_flags_set_notify.o
LOAD build/txe_mutex_create.o
LOAD build/txe_mutex_delete.o
LOAD build/txe_mutex_get.o
LOAD build/txe_mutex_info_get.o
LOAD build/txe_mutex_prioritize.o
LOAD build/txe_mutex_put.o
LOAD build/txe_queue_create.o
LOAD build/txe_queue_delete.o
LOAD build/txe_queue_flush.o
LOAD build/txe_queue_front_send.o
LOAD build/txe_queue_info_get.o
LOAD build/txe_queue_prioritize.o
LOAD build/txe_queue_receive.o
LOAD build/txe_queue_send.o
LOAD build/txe_queue_send_notify.o
LOAD build/txe_semaphore_ceiling_put.o
LOAD build/txe_semaphore_create.o
LOAD build/txe_semaphore_delete.o
LOAD build/txe_semaphore_get.o
LOAD build/txe_semaphore_info_get.o
LOAD build/txe_semaphore_prioritize.o
LOAD build/txe_semaphore_put.o
LOAD build/txe_semaphore_put_notify.o
LOAD build/txe_thread_create.o
LOAD build/txe_thread_delete.o
LOAD build/txe_thread_entry_exit_notify.o
LOAD build/txe_thread_info_get.o
LOAD build/txe_thread_preemption_change.o
LOAD build/txe_thread_priority_change.o
LOAD build/txe_thread_relinquish.o
LOAD build/txe_thread_reset.o
LOAD build/txe_thread_resume.o
LOAD build/txe_thread_suspend.o
LOAD build/txe_thread_terminate.o
LOAD build/txe_thread_time_slice_change.o
LOAD build/txe_thread_wait_abort.o
LOAD build/tx_timer_activate.o
LOAD build/tx_timer_change.o
LOAD build/tx_timer_create.o
LOAD build/tx_timer_deactivate.o
LOAD build/tx_timer_delete.o
LOAD build/tx_timer_expiration_process.o
LOAD build/tx_timer_info_get.o
LOAD build/tx_timer_initialize.o
LOAD build/tx_timer_system_activate.o
LOAD build/tx_timer_system_deactivate.o
LOAD build/tx_timer_thread_entry.o
LOAD build/txe_timer_activate.o
LOAD build/txe_timer_change.o
LOAD build/txe_timer_create.o
LOAD build/txe_timer_deactivate.o
LOAD build/txe_timer_delete.o
LOAD build/txe_timer_info_get.o
LOAD build/gpio.o
LOAD build/startup_stm32f446xx.o
LOAD build/tx_initialize_low_level.o
LOAD build/tx_thread_context_restore.o
LOAD build/tx_thread_context_save.o
LOAD build/tx_thread_interrupt_control.o
LOAD build/tx_thread_schedule.o
LOAD build/tx_thread_stack_build.o
LOAD build/tx_thread_system_return.o
LOAD build/tx_timer_interrupt.o
LOAD c:/program files (x86)/gnu arm embedded toolchain/10 2021.10/bin/../lib/gcc/arm-none-eabi/10.3.1/../../../../arm-none-eabi/lib/thumb/v7e-m+fp/hard\libc_nano.a
LOAD c:/program files (x86)/gnu arm embedded toolchain/10 2021.10/bin/../lib/gcc/arm-none-eabi/10.3.1/../../../../arm-none-eabi/lib/thumb/v7e-m+fp/hard\libm.a
LOAD c:/program files (x86)/gnu arm embedded toolchain/10 2021.10/bin/../lib/gcc/arm-none-eabi/10.3.1/../../../../arm-none-eabi/lib/thumb/v7e-m+fp/hard\libnosys.a
START GROUP
LOAD c:/program files (x86)/gnu arm embedded toolchain/10 2021.10/bin/../lib/gcc/arm-none-eabi/10.3.1/thumb/v7e-m+fp/hard\libgcc.a
LOAD c:/program files (x86)/gnu arm embedded toolchain/10 2021.10/bin/../lib/gcc/arm-none-eabi/10.3.1/../../../../arm-none-eabi/lib/thumb/v7e-m+fp/hard\libc_nano.a
END GROUP
START GROUP
LOAD c:/program files (x86)/gnu arm embedded toolchain/10 2021.10/bin/../lib/gcc/arm-none-eabi/10.3.1/thumb/v7e-m+fp/hard\libgcc.a
LOAD c:/program files (x86)/gnu arm embedded toolchain/10 2021.10/bin/../lib/gcc/arm-none-eabi/10.3.1/../../../../arm-none-eabi/lib/thumb/v7e-m+fp/hard\libc_nano.a
END GROUP
LOAD c:/program files (x86)/gnu arm embedded toolchain/10 2021.10/bin/../lib/gcc/arm-none-eabi/10.3.1/thumb/v7e-m+fp/hard/crtend.o
LOAD c:/program files (x86)/gnu arm embedded toolchain/10 2021.10/bin/../lib/gcc/arm-none-eabi/10.3.1/thumb/v7e-m+fp/hard/crtn.o
                0x20020000                _estack = (ORIGIN (RAM) + LENGTH (RAM))
                0x00000200                _Min_Heap_Size = 0x200
                0x00000400                _Min_Stack_Size = 0x400

.isr_vector     0x08000000      0x1c4
                0x08000000                . = ALIGN (0x4)
 *(.isr_vector)
 .isr_vector    0x08000000      0x1c4 build/startup_stm32f446xx.o
                0x08000000                g_pfnVectors
                0x080001c4                . = ALIGN (0x4)

.text           0x080001d0     0x22bc
                0x080001d0                . = ALIGN (0x4)
 *(.text)
 .text          0x080001d0       0x40 c:/program files (x86)/gnu arm embedded toolchain/10 2021.10/bin/../lib/gcc/arm-none-eabi/10.3.1/thumb/v7e-m+fp/hard/crtbegin.o
 .text          0x08000210       0x80 build/tx_initialize_low_level.o
                0x08000210                _tx_initialize_low_level
                0x08000254                __tx_BadHandler
                0x08000258                __tx_HardfaultHandler
                0x0800025c                __tx_SVCallHandler
                0x08000260                __tx_IntHandler
                0x08000268                __tx_SysTickHandler
                0x08000268                SysTick_Handler
                0x08000274                __tx_NMIHandler
                0x08000278                __tx_DBGHandler
 .text          0x08000290       0xc0 build/tx_thread_schedule.o
                0x08000290                _tx_thread_schedule
                0x080002bc                PendSV_Handler
                0x080002bc                __tx_PendSVHandler
                0x0800033e                tx_thread_fpu_disable
                0x0800033e                tx_thread_fpu_enable
 .text          0x08000350       0x40 build/tx_thread_stack_build.o
                0x08000350                _tx_thread_stack_build
 .text          0x08000390       0xb8 build/tx_timer_interrupt.o
                0x08000390                _tx_timer_interrupt
 .text          0x08000448       0x30 c:/program files (x86)/gnu arm embedded toolchain/10 2021.10/bin/../lib/gcc/arm-none-eabi/10.3.1/thumb/v7e-m+fp/hard\libgcc.a(_aeabi_uldivmod.o)
                0x08000448                __aeabi_uldivmod
 .text          0x08000478      0x2d0 c:/program files (x86)/gnu arm embedded toolchain/10 2021.10/bin/../lib/gcc/arm-none-eabi/10.3.1/thumb/v7e-m+fp/hard\libgcc.a(_udivmoddi4.o)
                0x08000478                __udivmoddi4
 .text          0x08000748        0x4 c:/program files (x86)/gnu arm embedded toolchain/10 2021.10/bin/../lib/gcc/arm-none-eabi/10.3.1/thumb/v7e-m+fp/hard\libgcc.a(_dvmd_tls.o)
                0x08000748                __aeabi_idiv0
                0x08000748                __aeabi_ldiv0
 *(.text*)
 .text.HAL_TIM_PeriodElapsedCallback
                0x0800074c       0x18 build/main.o
                0x0800074c                HAL_TIM_PeriodElapsedCallback
 .text.Error_Handler
                0x08000764        0x4 build/main.o
                0x08000764                Error_Handler
 .text.SystemClock_Config
                0x08000768       0xa4 build/main.o
                0x08000768                SystemClock_Config
 .text.main     0x0800080c       0x14 build/main.o
                0x0800080c                main
 .text.my_thread_entry
                0x08000820       0x18 build/app_threadx.o
                0x08000820                my_thread_entry
 .text.App_ThreadX_Init
                0x08000838       0x44 build/app_threadx.o
                0x08000838                App_ThreadX_Init
 .text.MX_ThreadX_Init
                0x0800087c        0x8 build/app_threadx.o
                0x0800087c                MX_ThreadX_Init
 .text.NMI_Handler
                0x08000884        0x2 build/stm32f4xx_it.o
                0x08000884                NMI_Handler
 .text.HardFault_Handler
                0x08000886        0x2 build/stm32f4xx_it.o
                0x08000886                HardFault_Handler
 .text.MemManage_Handler
                0x08000888        0x2 build/stm32f4xx_it.o
                0x08000888                MemManage_Handler
 .text.BusFault_Handler
                0x0800088a        0x2 build/stm32f4xx_it.o
                0x0800088a                BusFault_Handler
 .text.UsageFault_Handler
                0x0800088c        0x2 build/stm32f4xx_it.o
                0x0800088c                UsageFault_Handler
 .text.DebugMon_Handler
                0x0800088e        0x2 build/stm32f4xx_it.o
                0x0800088e                DebugMon_Handler
 .text.TIM6_DAC_IRQHandler
                0x08000890       0x10 build/stm32f4xx_it.o
                0x08000890                TIM6_DAC_IRQHandler
 .text.HAL_MspInit
                0x080008a0       0x40 build/stm32f4xx_hal_msp.o
                0x080008a0                HAL_MspInit
 .text.HAL_InitTick
                0x080008e0       0xa4 build/stm32f4xx_hal_timebase_tim.o
                0x080008e0                HAL_InitTick
 .text.tx_application_define
                0x08000984       0x34 build/app_azure_rtos.o
                0x08000984                tx_application_define
 .text.HAL_RCC_ClockConfig
                0x080009b8      0x160 build/stm32f4xx_hal_rcc.o
                0x080009b8                HAL_RCC_ClockConfig
 .text.HAL_RCC_GetHCLKFreq
                0x08000b18        0xc build/stm32f4xx_hal_rcc.o
                0x08000b18                HAL_RCC_GetHCLKFreq
 .text.HAL_RCC_GetPCLK1Freq
                0x08000b24       0x20 build/stm32f4xx_hal_rcc.o
                0x08000b24                HAL_RCC_GetPCLK1Freq
 .text.HAL_RCC_GetClockConfig
                0x08000b44       0x3c build/stm32f4xx_hal_rcc.o
                0x08000b44                HAL_RCC_GetClockConfig
 .text.HAL_RCC_GetSysClockFreq
                0x08000b80      0x180 build/stm32f4xx_hal_rcc_ex.o
                0x08000b80                HAL_RCC_GetSysClockFreq
 .text.HAL_RCC_OscConfig
                0x08000d00      0x444 build/stm32f4xx_hal_rcc_ex.o
                0x08000d00                HAL_RCC_OscConfig
 .text.HAL_GPIO_Init
                0x08001144      0x1d8 build/stm32f4xx_hal_gpio.o
                0x08001144                HAL_GPIO_Init
 .text.HAL_GPIO_WritePin
                0x0800131c        0xc build/stm32f4xx_hal_gpio.o
                0x0800131c                HAL_GPIO_WritePin
 .text.HAL_GPIO_TogglePin
                0x08001328       0x12 build/stm32f4xx_hal_gpio.o
                0x08001328                HAL_GPIO_TogglePin
 *fill*         0x0800133a        0x2 
 .text.HAL_NVIC_SetPriorityGrouping
                0x0800133c       0x24 build/stm32f4xx_hal_cortex.o
                0x0800133c                HAL_NVIC_SetPriorityGrouping
 .text.HAL_NVIC_SetPriority
                0x08001360       0x70 build/stm32f4xx_hal_cortex.o
                0x08001360                HAL_NVIC_SetPriority
 .text.HAL_NVIC_EnableIRQ
                0x080013d0       0x1c build/stm32f4xx_hal_cortex.o
                0x080013d0                HAL_NVIC_EnableIRQ
 .text.HAL_Init
                0x080013ec       0x34 build/stm32f4xx_hal.o
                0x080013ec                HAL_Init
 .text.HAL_IncTick
                0x08001420       0x18 build/stm32f4xx_hal.o
                0x08001420                HAL_IncTick
 .text.HAL_GetTick
                0x08001438        0xc build/stm32f4xx_hal.o
                0x08001438                HAL_GetTick
 .text.HAL_TIM_Base_MspInit
                0x08001444        0x2 build/stm32f4xx_hal_tim.o
                0x08001444                HAL_TIM_Base_MspInit
 *fill*         0x08001446        0x2 
 .text.HAL_TIM_Base_Start_IT
                0x08001448       0x88 build/stm32f4xx_hal_tim.o
                0x08001448                HAL_TIM_Base_Start_IT
 .text.HAL_TIM_OC_DelayElapsedCallback
                0x080014d0        0x2 build/stm32f4xx_hal_tim.o
                0x080014d0                HAL_TIM_OC_DelayElapsedCallback
 .text.HAL_TIM_IC_CaptureCallback
                0x080014d2        0x2 build/stm32f4xx_hal_tim.o
                0x080014d2                HAL_TIM_IC_CaptureCallback
 .text.HAL_TIM_PWM_PulseFinishedCallback
                0x080014d4        0x2 build/stm32f4xx_hal_tim.o
                0x080014d4                HAL_TIM_PWM_PulseFinishedCallback
 .text.HAL_TIM_TriggerCallback
                0x080014d6        0x2 build/stm32f4xx_hal_tim.o
                0x080014d6                HAL_TIM_TriggerCallback
 .text.HAL_TIM_IRQHandler
                0x080014d8      0x17a build/stm32f4xx_hal_tim.o
                0x080014d8                HAL_TIM_IRQHandler
 *fill*         0x08001652        0x2 
 .text.TIM_Base_SetConfig
                0x08001654       0xc8 build/stm32f4xx_hal_tim.o
                0x08001654                TIM_Base_SetConfig
 .text.HAL_TIM_Base_Init
                0x0800171c       0x58 build/stm32f4xx_hal_tim.o
                0x0800171c                HAL_TIM_Base_Init
 .text.HAL_TIMEx_CommutCallback
                0x08001774        0x2 build/stm32f4xx_hal_tim_ex.o
                0x08001774                HAL_TIMEx_CommutCallback
 .text.HAL_TIMEx_BreakCallback
                0x08001776        0x2 build/stm32f4xx_hal_tim_ex.o
                0x08001776                HAL_TIMEx_BreakCallback
 .text.SystemInit
                0x08001778       0x14 build/system_stm32f4xx.o
                0x08001778                SystemInit
 .text._tx_initialize_high_level
                0x0800178c       0x70 build/tx_initialize_high_level.o
                0x0800178c                _tx_initialize_high_level
 .text._tx_initialize_kernel_enter
                0x080017fc       0x4c build/tx_initialize_kernel_enter.o
                0x080017fc                _tx_initialize_kernel_enter
 .text._tx_byte_pool_create
                0x08001848       0x88 build/tx_byte_pool_create.o
                0x08001848                _tx_byte_pool_create
 .text._tx_thread_create
                0x080018d0      0x134 build/tx_thread_create.o
                0x080018d0                _tx_thread_create
 .text._tx_thread_initialize
                0x08001a04       0x64 build/tx_thread_initialize.o
                0x08001a04                _tx_thread_initialize
 .text._tx_thread_shell_entry
                0x08001a68       0x54 build/tx_thread_shell_entry.o
                0x08001a68                _tx_thread_shell_entry
 .text._tx_thread_sleep
                0x08001abc       0x88 build/tx_thread_sleep.o
                0x08001abc                _tx_thread_sleep
 .text._tx_thread_system_preempt_check
                0x08001b44       0x3c build/tx_thread_system_preempt_check.o
                0x08001b44                _tx_thread_system_preempt_check
 .text._tx_thread_system_resume
                0x08001b80      0x120 build/tx_thread_system_resume.o
                0x08001b80                _tx_thread_system_resume
 .text._tx_thread_system_suspend
                0x08001ca0      0x14c build/tx_thread_system_suspend.o
                0x08001ca0                _tx_thread_system_suspend
 .text._tx_thread_time_slice
                0x08001dec       0x60 build/tx_thread_time_slice.o
                0x08001dec                _tx_thread_time_slice
 .text._tx_thread_timeout
                0x08001e4c       0x34 build/tx_thread_timeout.o
                0x08001e4c                _tx_thread_timeout
 .text._txe_byte_pool_create
                0x08001e80       0xd4 build/txe_byte_pool_create.o
                0x08001e80                _txe_byte_pool_create
 .text._txe_thread_create
                0x08001f54      0x144 build/txe_thread_create.o
                0x08001f54                _txe_thread_create
 .text._tx_timer_expiration_process
                0x08002098       0x24 build/tx_timer_expiration_process.o
                0x08002098                _tx_timer_expiration_process
 .text._tx_timer_initialize
                0x080020bc       0xd0 build/tx_timer_initialize.o
                0x080020bc                _tx_timer_initialize
 .text._tx_timer_system_activate
                0x0800218c       0x58 build/tx_timer_system_activate.o
                0x0800218c                _tx_timer_system_activate
 .text._tx_timer_system_deactivate
                0x080021e4       0x2e build/tx_timer_system_deactivate.o
                0x080021e4                _tx_timer_system_deactivate
 *fill*         0x08002212        0x2 
 .text._tx_timer_thread_entry
                0x08002214      0x120 build/tx_timer_thread_entry.o
                0x08002214                _tx_timer_thread_entry
 .text.MX_GPIO_Init
                0x08002334       0x94 build/gpio.o
                0x08002334                MX_GPIO_Init
 .text.Reset_Handler
                0x080023c8       0x50 build/startup_stm32f446xx.o
                0x080023c8                Reset_Handler
 .text.Default_Handler
                0x08002418        0x2 build/startup_stm32f446xx.o
                0x08002418                RTC_Alarm_IRQHandler
                0x08002418                EXTI2_IRQHandler
                0x08002418                TIM8_CC_IRQHandler
                0x08002418                FMPI2C1_EV_IRQHandler
                0x08002418                SPI4_IRQHandler
                0x08002418                TIM1_CC_IRQHandler
                0x08002418                DMA2_Stream5_IRQHandler
                0x08002418                DMA1_Stream5_IRQHandler
                0x08002418                PVD_IRQHandler
                0x08002418                SDIO_IRQHandler
                0x08002418                TAMP_STAMP_IRQHandler
                0x08002418                CAN2_RX1_IRQHandler
                0x08002418                EXTI3_IRQHandler
                0x08002418                TIM8_TRG_COM_TIM14_IRQHandler
                0x08002418                TIM1_UP_TIM10_IRQHandler
                0x08002418                TIM8_UP_TIM13_IRQHandler
                0x08002418                I2C3_ER_IRQHandler
                0x08002418                EXTI0_IRQHandler
                0x08002418                I2C2_EV_IRQHandler
                0x08002418                DMA1_Stream2_IRQHandler
                0x08002418                CAN1_RX0_IRQHandler
                0x08002418                FPU_IRQHandler
                0x08002418                OTG_HS_WKUP_IRQHandler
                0x08002418                CAN2_SCE_IRQHandler
                0x08002418                DMA2_Stream2_IRQHandler
                0x08002418                SPI1_IRQHandler
                0x08002418                TIM1_BRK_TIM9_IRQHandler
                0x08002418                DCMI_IRQHandler
                0x08002418                CAN2_RX0_IRQHandler
                0x08002418                DMA2_Stream3_IRQHandler
                0x08002418                SAI2_IRQHandler
                0x08002418                USART6_IRQHandler
                0x08002418                USART3_IRQHandler
                0x08002418                CAN1_RX1_IRQHandler
                0x08002418                UART5_IRQHandler
                0x08002418                DMA2_Stream0_IRQHandler
                0x08002418                TIM4_IRQHandler
                0x08002418                QUADSPI_IRQHandler
                0x08002418                I2C1_EV_IRQHandler
                0x08002418                DMA1_Stream6_IRQHandler
                0x08002418                DMA1_Stream1_IRQHandler
                0x08002418                UART4_IRQHandler
                0x08002418                TIM3_IRQHandler
                0x08002418                RCC_IRQHandler
                0x08002418                TIM8_BRK_TIM12_IRQHandler
                0x08002418                Default_Handler
                0x08002418                CEC_IRQHandler
                0x08002418                EXTI15_10_IRQHandler
                0x08002418                ADC_IRQHandler
                0x08002418                DMA1_Stream7_IRQHandler
                0x08002418                TIM7_IRQHandler
                0x08002418                CAN2_TX_IRQHandler
                0x08002418                TIM5_IRQHandler
                0x08002418                DMA2_Stream7_IRQHandler
                0x08002418                I2C3_EV_IRQHandler
                0x08002418                EXTI9_5_IRQHandler
                0x08002418                RTC_WKUP_IRQHandler
                0x08002418                SPDIF_RX_IRQHandler
                0x08002418                SPI2_IRQHandler
                0x08002418                OTG_HS_EP1_IN_IRQHandler
                0x08002418                DMA1_Stream0_IRQHandler
                0x08002418                CAN1_TX_IRQHandler
                0x08002418                SVC_Handler
                0x08002418                FMPI2C1_ER_IRQHandler
                0x08002418                EXTI4_IRQHandler
                0x08002418                OTG_HS_EP1_OUT_IRQHandler
                0x08002418                WWDG_IRQHandler
                0x08002418                TIM2_IRQHandler
                0x08002418                OTG_FS_WKUP_IRQHandler
                0x08002418                TIM1_TRG_COM_TIM11_IRQHandler
                0x08002418                OTG_HS_IRQHandler
                0x08002418                EXTI1_IRQHandler
                0x08002418                USART2_IRQHandler
                0x08002418                I2C2_ER_IRQHandler
                0x08002418                DMA2_Stream1_IRQHandler
                0x08002418                CAN1_SCE_IRQHandler
                0x08002418                FLASH_IRQHandler
                0x08002418                DMA2_Stream4_IRQHandler
                0x08002418                USART1_IRQHandler
                0x08002418                OTG_FS_IRQHandler
                0x08002418                SPI3_IRQHandler
                0x08002418                DMA1_Stream4_IRQHandler
                0x08002418                I2C1_ER_IRQHandler
                0x08002418                FMC_IRQHandler
                0x08002418                DMA2_Stream6_IRQHandler
                0x08002418                SAI1_IRQHandler
                0x08002418                DMA1_Stream3_IRQHandler
 *fill*         0x0800241a        0x2 
 .text.__libc_init_array
                0x0800241c       0x48 c:/program files (x86)/gnu arm embedded toolchain/10 2021.10/bin/../lib/gcc/arm-none-eabi/10.3.1/../../../../arm-none-eabi/lib/thumb/v7e-m+fp/hard\libc_nano.a(lib_a-init.o)
                0x0800241c                __libc_init_array
 .text.memset   0x08002464       0x10 c:/program files (x86)/gnu arm embedded toolchain/10 2021.10/bin/../lib/gcc/arm-none-eabi/10.3.1/../../../../arm-none-eabi/lib/thumb/v7e-m+fp/hard\libc_nano.a(lib_a-memset.o)
                0x08002464                memset
 *(.glue_7)
 .glue_7        0x08002474        0x0 linker stubs
 *(.glue_7t)
 .glue_7t       0x08002474        0x0 linker stubs
 *(.eh_frame)
 .eh_frame      0x08002474        0x0 c:/program files (x86)/gnu arm embedded toolchain/10 2021.10/bin/../lib/gcc/arm-none-eabi/10.3.1/thumb/v7e-m+fp/hard/crtbegin.o
 *(.init)
 .init          0x08002474        0x4 c:/program files (x86)/gnu arm embedded toolchain/10 2021.10/bin/../lib/gcc/arm-none-eabi/10.3.1/thumb/v7e-m+fp/hard/crti.o
                0x08002474                _init
 .init          0x08002478        0x8 c:/program files (x86)/gnu arm embedded toolchain/10 2021.10/bin/../lib/gcc/arm-none-eabi/10.3.1/thumb/v7e-m+fp/hard/crtn.o
 *(.fini)
 .fini          0x08002480        0x4 c:/program files (x86)/gnu arm embedded toolchain/10 2021.10/bin/../lib/gcc/arm-none-eabi/10.3.1/thumb/v7e-m+fp/hard/crti.o
                0x08002480                _fini
 .fini          0x08002484        0x8 c:/program files (x86)/gnu arm embedded toolchain/10 2021.10/bin/../lib/gcc/arm-none-eabi/10.3.1/thumb/v7e-m+fp/hard/crtn.o
                0x0800248c                . = ALIGN (0x4)
                0x0800248c                _etext = .

.vfp11_veneer   0x0800248c        0x0
 .vfp11_veneer  0x0800248c        0x0 linker stubs

.v4_bx          0x0800248c        0x0
 .v4_bx         0x0800248c        0x0 linker stubs

.iplt           0x0800248c        0x0
 .iplt          0x0800248c        0x0 c:/program files (x86)/gnu arm embedded toolchain/10 2021.10/bin/../lib/gcc/arm-none-eabi/10.3.1/thumb/v7e-m+fp/hard/crtbegin.o

.rodata         0x0800248c       0x4c
                0x0800248c                . = ALIGN (0x4)
 *(.rodata)
 *(.rodata*)
 .rodata.App_ThreadX_Init.str1.4
                0x0800248c        0xa build/app_threadx.o
 *fill*         0x08002496        0x2 
 .rodata.tx_application_define.str1.4
                0x08002498       0x13 build/app_azure_rtos.o
 *fill*         0x080024ab        0x1 
 .rodata.AHBPrescTable
                0x080024ac       0x10 build/system_stm32f4xx.o
                0x080024ac                AHBPrescTable
 .rodata.APBPrescTable
                0x080024bc        0x8 build/system_stm32f4xx.o
                0x080024bc                APBPrescTable
 .rodata._tx_timer_initialize.str1.4
                0x080024c4       0x14 build/tx_timer_initialize.o
                0x080024d8                . = ALIGN (0x4)

.ARM.extab
 *(.ARM.extab* .gnu.linkonce.armextab.*)

.ARM            0x080024d8        0x8
                0x080024d8                __exidx_start = .
 *(.ARM.exidx*)
 .ARM.exidx     0x080024d8        0x8 c:/program files (x86)/gnu arm embedded toolchain/10 2021.10/bin/../lib/gcc/arm-none-eabi/10.3.1/thumb/v7e-m+fp/hard\libgcc.a(_udivmoddi4.o)
                0x080024e0                __exidx_end = .

.rel.dyn        0x080024e0        0x0
 .rel.iplt      0x080024e0        0x0 c:/program files (x86)/gnu arm embedded toolchain/10 2021.10/bin/../lib/gcc/arm-none-eabi/10.3.1/thumb/v7e-m+fp/hard/crtbegin.o

.preinit_array  0x080024e0        0x0
                0x080024e0                PROVIDE (__preinit_array_start = .)
 *(.preinit_array*)
                0x080024e0                PROVIDE (__preinit_array_end = .)

.init_array     0x080024e0        0x4
                0x080024e0                PROVIDE (__init_array_start = .)
 *(SORT_BY_NAME(.init_array.*))
 *(.init_array*)
 .init_array    0x080024e0        0x4 c:/program files (x86)/gnu arm embedded toolchain/10 2021.10/bin/../lib/gcc/arm-none-eabi/10.3.1/thumb/v7e-m+fp/hard/crtbegin.o
                0x080024e4                PROVIDE (__init_array_end = .)

.fini_array     0x080024e4        0x4
                [!provide]                PROVIDE (__fini_array_start = .)
 *(SORT_BY_NAME(.fini_array.*))
 *(.fini_array*)
 .fini_array    0x080024e4        0x4 c:/program files (x86)/gnu arm embedded toolchain/10 2021.10/bin/../lib/gcc/arm-none-eabi/10.3.1/thumb/v7e-m+fp/hard/crtbegin.o
                [!provide]                PROVIDE (__fini_array_end = .)
                0x080024e8                _sidata = LOADADDR (.data)

.data           0x20000000       0x10 load address 0x080024e8
                0x20000000                . = ALIGN (0x4)
                0x20000000                _sdata = .
 *(.data)
 *(.data*)
 .data.uwTickFreq
                0x20000000        0x1 build/stm32f4xx_hal.o
                0x20000000                uwTickFreq
 *fill*         0x20000001        0x3 
 .data.uwTickPrio
                0x20000004        0x4 build/stm32f4xx_hal.o
                0x20000004                uwTickPrio
 .data.SystemCoreClock
                0x20000008        0x4 build/system_stm32f4xx.o
                0x20000008                SystemCoreClock
 .data._tx_thread_system_state
                0x2000000c        0x4 build/tx_thread_initialize.o
                0x2000000c                _tx_thread_system_state
                0x20000010                . = ALIGN (0x4)
                0x20000010                _edata = .

.igot.plt       0x20000010        0x0 load address 0x080024f8
 .igot.plt      0x20000010        0x0 c:/program files (x86)/gnu arm embedded toolchain/10 2021.10/bin/../lib/gcc/arm-none-eabi/10.3.1/thumb/v7e-m+fp/hard/crtbegin.o
                0x20000010                . = ALIGN (0x4)

.bss            0x20000010      0xf8c load address 0x080024f8
                0x20000010                _sbss = .
                0x20000010                __bss_start__ = _sbss
 *(.bss)
 .bss           0x20000010       0x1c c:/program files (x86)/gnu arm embedded toolchain/10 2021.10/bin/../lib/gcc/arm-none-eabi/10.3.1/thumb/v7e-m+fp/hard/crtbegin.o
 *(.bss*)
 .bss.thread_ptr
                0x2000002c       0xb0 build/app_threadx.o
                0x2000002c                thread_ptr
 .bss.thread_stack
                0x200000dc      0x400 build/app_threadx.o
                0x200000dc                thread_stack
 .bss.htim6     0x200004dc       0x48 build/stm32f4xx_hal_timebase_tim.o
                0x200004dc                htim6
 .bss.tx_app_byte_pool
                0x20000524       0x34 build/app_azure_rtos.o
 .bss.tx_byte_pool_buffer
                0x20000558      0x400 build/app_azure_rtos.o
 .bss.uwTick    0x20000958        0x4 build/stm32f4xx_hal.o
                0x20000958                uwTick
 .bss._tx_block_pool_created_count
                0x2000095c        0x4 build/tx_initialize_high_level.o
                0x2000095c                _tx_block_pool_created_count
 .bss._tx_block_pool_created_ptr
                0x20000960        0x4 build/tx_initialize_high_level.o
                0x20000960                _tx_block_pool_created_ptr
 .bss._tx_byte_pool_created_count
                0x20000964        0x4 build/tx_initialize_high_level.o
                0x20000964                _tx_byte_pool_created_count
 .bss._tx_byte_pool_created_ptr
                0x20000968        0x4 build/tx_initialize_high_level.o
                0x20000968                _tx_byte_pool_created_ptr
 .bss._tx_event_flags_created_count
                0x2000096c        0x4 build/tx_initialize_high_level.o
                0x2000096c                _tx_event_flags_created_count
 .bss._tx_event_flags_created_ptr
                0x20000970        0x4 build/tx_initialize_high_level.o
                0x20000970                _tx_event_flags_created_ptr
 .bss._tx_initialize_unused_memory
                0x20000974        0x4 build/tx_initialize_high_level.o
                0x20000974                _tx_initialize_unused_memory
 .bss._tx_mutex_created_count
                0x20000978        0x4 build/tx_initialize_high_level.o
                0x20000978                _tx_mutex_created_count
 .bss._tx_mutex_created_ptr
                0x2000097c        0x4 build/tx_initialize_high_level.o
                0x2000097c                _tx_mutex_created_ptr
 .bss._tx_queue_created_count
                0x20000980        0x4 build/tx_initialize_high_level.o
                0x20000980                _tx_queue_created_count
 .bss._tx_queue_created_ptr
                0x20000984        0x4 build/tx_initialize_high_level.o
                0x20000984                _tx_queue_created_ptr
 .bss._tx_semaphore_created_count
                0x20000988        0x4 build/tx_initialize_high_level.o
                0x20000988                _tx_semaphore_created_count
 .bss._tx_semaphore_created_ptr
                0x2000098c        0x4 build/tx_initialize_high_level.o
                0x2000098c                _tx_semaphore_created_ptr
 .bss._tx_build_options
                0x20000990        0x4 build/tx_thread_initialize.o
                0x20000990                _tx_build_options
 .bss._tx_thread_created_count
                0x20000994        0x4 build/tx_thread_initialize.o
                0x20000994                _tx_thread_created_count
 .bss._tx_thread_created_ptr
                0x20000998        0x4 build/tx_thread_initialize.o
                0x20000998                _tx_thread_created_ptr
 .bss._tx_thread_current_ptr
                0x2000099c        0x4 build/tx_thread_initialize.o
                0x2000099c                _tx_thread_current_ptr
 .bss._tx_thread_execute_ptr
                0x200009a0        0x4 build/tx_thread_initialize.o
                0x200009a0                _tx_thread_execute_ptr
 .bss._tx_thread_highest_priority
                0x200009a4        0x4 build/tx_thread_initialize.o
                0x200009a4                _tx_thread_highest_priority
 .bss._tx_thread_mutex_release
                0x200009a8        0x4 build/tx_thread_initialize.o
                0x200009a8                _tx_thread_mutex_release
 .bss._tx_thread_preempt_disable
                0x200009ac        0x4 build/tx_thread_initialize.o
                0x200009ac                _tx_thread_preempt_disable
 .bss._tx_thread_priority_list
                0x200009b0       0x80 build/tx_thread_initialize.o
                0x200009b0                _tx_thread_priority_list
 .bss._tx_thread_priority_maps
                0x20000a30        0x4 build/tx_thread_initialize.o
                0x20000a30                _tx_thread_priority_maps
 .bss._tx_thread_system_stack_ptr
                0x20000a34        0x4 build/tx_thread_initialize.o
                0x20000a34                _tx_thread_system_stack_ptr
 .bss._tx_timer_created_count
                0x20000a38        0x4 build/tx_timer_initialize.o
                0x20000a38                _tx_timer_created_count
 .bss._tx_timer_created_ptr
                0x20000a3c        0x4 build/tx_timer_initialize.o
                0x20000a3c                _tx_timer_created_ptr
 .bss._tx_timer_current_ptr
                0x20000a40        0x4 build/tx_timer_initialize.o
                0x20000a40                _tx_timer_current_ptr
 .bss._tx_timer_expired
                0x20000a44        0x4 build/tx_timer_initialize.o
                0x20000a44                _tx_timer_expired
 .bss._tx_timer_expired_time_slice
                0x20000a48        0x4 build/tx_timer_initialize.o
                0x20000a48                _tx_timer_expired_time_slice
 .bss._tx_timer_expired_timer_ptr
                0x20000a4c        0x4 build/tx_timer_initialize.o
                0x20000a4c                _tx_timer_expired_timer_ptr
 .bss._tx_timer_list
                0x20000a50       0x80 build/tx_timer_initialize.o
                0x20000a50                _tx_timer_list
 .bss._tx_timer_list_end
                0x20000ad0        0x4 build/tx_timer_initialize.o
                0x20000ad0                _tx_timer_list_end
 .bss._tx_timer_list_start
                0x20000ad4        0x4 build/tx_timer_initialize.o
                0x20000ad4                _tx_timer_list_start
 .bss._tx_timer_priority
                0x20000ad8        0x4 build/tx_timer_initialize.o
                0x20000ad8                _tx_timer_priority
 .bss._tx_timer_stack_size
                0x20000adc        0x4 build/tx_timer_initialize.o
                0x20000adc                _tx_timer_stack_size
 .bss._tx_timer_stack_start
                0x20000ae0        0x4 build/tx_timer_initialize.o
                0x20000ae0                _tx_timer_stack_start
 .bss._tx_timer_system_clock
                0x20000ae4        0x4 build/tx_timer_initialize.o
                0x20000ae4                _tx_timer_system_clock
 .bss._tx_timer_thread
                0x20000ae8       0xb0 build/tx_timer_initialize.o
                0x20000ae8                _tx_timer_thread
 .bss._tx_timer_thread_stack_area
                0x20000b98      0x400 build/tx_timer_initialize.o
                0x20000b98                _tx_timer_thread_stack_area
 .bss._tx_timer_time_slice
                0x20000f98        0x4 build/tx_timer_initialize.o
                0x20000f98                _tx_timer_time_slice
 *(COMMON)
                0x20000f9c                . = ALIGN (0x4)
                0x20000f9c                _ebss = .
                0x20000f9c                __bss_end__ = _ebss

._user_heap_stack
                0x20000f9c      0x604 load address 0x080024f8
                0x20000fa0                . = ALIGN (0x8)
 *fill*         0x20000f9c        0x4 
                [!provide]                PROVIDE (end = .)
                [!provide]                PROVIDE (_end = .)
                0x200011a0                . = (. + _Min_Heap_Size)
 *fill*         0x20000fa0      0x200 
                0x200015a0                . = (. + _Min_Stack_Size)
 *fill*         0x200011a0      0x400 
                0x200015a0                . = ALIGN (0x8)

/DISCARD/
 libc.a(*)
 libm.a(*)
 libgcc.a(*)

.ARM.attributes
                0x00000000       0x30
 *(.ARM.attributes)
 .ARM.attributes
                0x00000000       0x1e c:/program files (x86)/gnu arm embedded toolchain/10 2021.10/bin/../lib/gcc/arm-none-eabi/10.3.1/thumb/v7e-m+fp/hard/crti.o
 .ARM.attributes
                0x0000001e       0x34 c:/program files (x86)/gnu arm embedded toolchain/10 2021.10/bin/../lib/gcc/arm-none-eabi/10.3.1/thumb/v7e-m+fp/hard/crtbegin.o
 .ARM.attributes
                0x00000052       0x34 build/main.o
 .ARM.attributes
                0x00000086       0x34 build/app_threadx.o
 .ARM.attributes
                0x000000ba       0x34 build/stm32f4xx_it.o
 .ARM.attributes
                0x000000ee       0x34 build/stm32f4xx_hal_msp.o
 .ARM.attributes
                0x00000122       0x34 build/stm32f4xx_hal_timebase_tim.o
 .ARM.attributes
                0x00000156       0x34 build/app_azure_rtos.o
 .ARM.attributes
                0x0000018a       0x34 build/stm32f4xx_hal_rcc.o
 .ARM.attributes
                0x000001be       0x34 build/stm32f4xx_hal_rcc_ex.o
 .ARM.attributes
                0x000001f2       0x34 build/stm32f4xx_hal_gpio.o
 .ARM.attributes
                0x00000226       0x34 build/stm32f4xx_hal_cortex.o
 .ARM.attributes
                0x0000025a       0x34 build/stm32f4xx_hal.o
 .ARM.attributes
                0x0000028e       0x34 build/stm32f4xx_hal_tim.o
 .ARM.attributes
                0x000002c2       0x34 build/stm32f4xx_hal_tim_ex.o
 .ARM.attributes
                0x000002f6       0x34 build/system_stm32f4xx.o
 .ARM.attributes
                0x0000032a       0x34 build/tx_initialize_high_level.o
 .ARM.attributes
                0x0000035e       0x34 build/tx_initialize_kernel_enter.o
 .ARM.attributes
                0x00000392       0x34 build/tx_byte_pool_create.o
 .ARM.attributes
                0x000003c6       0x34 build/tx_thread_create.o
 .ARM.attributes
                0x000003fa       0x34 build/tx_thread_initialize.o
 .ARM.attributes
                0x0000042e       0x34 build/tx_thread_shell_entry.o
 .ARM.attributes
                0x00000462       0x34 build/tx_thread_sleep.o
 .ARM.attributes
                0x00000496       0x34 build/tx_thread_system_preempt_check.o
 .ARM.attributes
                0x000004ca       0x34 build/tx_thread_system_resume.o
 .ARM.attributes
                0x000004fe       0x34 build/tx_thread_system_suspend.o
 .ARM.attributes
                0x00000532       0x34 build/tx_thread_time_slice.o
 .ARM.attributes
                0x00000566       0x34 build/tx_thread_timeout.o
 .ARM.attributes
                0x0000059a       0x34 build/txe_byte_pool_create.o
 .ARM.attributes
                0x000005ce       0x34 build/txe_thread_create.o
 .ARM.attributes
                0x00000602       0x34 build/tx_timer_expiration_process.o
 .ARM.attributes
                0x00000636       0x34 build/tx_timer_initialize.o
 .ARM.attributes
                0x0000066a       0x34 build/tx_timer_system_activate.o
 .ARM.attributes
                0x0000069e       0x34 build/tx_timer_system_deactivate.o
 .ARM.attributes
                0x000006d2       0x34 build/tx_timer_thread_entry.o
 .ARM.attributes
                0x00000706       0x34 build/gpio.o
 .ARM.attributes
                0x0000073a       0x21 build/startup_stm32f446xx.o
 .ARM.attributes
                0x0000075b       0x20 build/tx_initialize_low_level.o
 .ARM.attributes
                0x0000077b       0x20 build/tx_thread_schedule.o
 .ARM.attributes
                0x0000079b       0x20 build/tx_thread_stack_build.o
 .ARM.attributes
                0x000007bb       0x20 build/tx_timer_interrupt.o
 .ARM.attributes
                0x000007db       0x34 c:/program files (x86)/gnu arm embedded toolchain/10 2021.10/bin/../lib/gcc/arm-none-eabi/10.3.1/../../../../arm-none-eabi/lib/thumb/v7e-m+fp/hard\libc_nano.a(lib_a-init.o)
 .ARM.attributes
                0x0000080f       0x34 c:/program files (x86)/gnu arm embedded toolchain/10 2021.10/bin/../lib/gcc/arm-none-eabi/10.3.1/../../../../arm-none-eabi/lib/thumb/v7e-m+fp/hard\libc_nano.a(lib_a-memset.o)
 .ARM.attributes
                0x00000843       0x1e c:/program files (x86)/gnu arm embedded toolchain/10 2021.10/bin/../lib/gcc/arm-none-eabi/10.3.1/thumb/v7e-m+fp/hard\libgcc.a(_aeabi_uldivmod.o)
 .ARM.attributes
                0x00000861       0x34 c:/program files (x86)/gnu arm embedded toolchain/10 2021.10/bin/../lib/gcc/arm-none-eabi/10.3.1/thumb/v7e-m+fp/hard\libgcc.a(_udivmoddi4.o)
 .ARM.attributes
                0x00000895       0x1e c:/program files (x86)/gnu arm embedded toolchain/10 2021.10/bin/../lib/gcc/arm-none-eabi/10.3.1/thumb/v7e-m+fp/hard\libgcc.a(_dvmd_tls.o)
 .ARM.attributes
                0x000008b3       0x1e c:/program files (x86)/gnu arm embedded toolchain/10 2021.10/bin/../lib/gcc/arm-none-eabi/10.3.1/thumb/v7e-m+fp/hard/crtn.o
OUTPUT(build/ledthreadx.elf elf32-littlearm)
LOAD linker stubs
LOAD c:/program files (x86)/gnu arm embedded toolchain/10 2021.10/bin/../lib/gcc/arm-none-eabi/10.3.1/../../../../arm-none-eabi/lib/thumb/v7e-m+fp/hard\libc.a
LOAD c:/program files (x86)/gnu arm embedded toolchain/10 2021.10/bin/../lib/gcc/arm-none-eabi/10.3.1/../../../../arm-none-eabi/lib/thumb/v7e-m+fp/hard\libm.a
LOAD c:/program files (x86)/gnu arm embedded toolchain/10 2021.10/bin/../lib/gcc/arm-none-eabi/10.3.1/thumb/v7e-m+fp/hard\libgcc.a

.debug_info     0x00000000    0x1636a
 .debug_info    0x00000000      0xcfd build/main.o
 .debug_info    0x00000cfd      0x89d build/app_threadx.o
 .debug_info    0x0000159a      0x7a4 build/stm32f4xx_it.o
 .debug_info    0x00001d3e      0x355 build/stm32f4xx_hal_msp.o
 .debug_info    0x00002093      0xdf1 build/stm32f4xx_hal_timebase_tim.o
 .debug_info    0x00002e84      0x6c7 build/app_azure_rtos.o
 .debug_info    0x0000354b      0xc39 build/stm32f4xx_hal_rcc.o
 .debug_info    0x00004184      0xdc5 build/stm32f4xx_hal_rcc_ex.o
 .debug_info    0x00004f49      0x8ac build/stm32f4xx_hal_gpio.o
 .debug_info    0x000057f5     0x1192 build/stm32f4xx_hal_cortex.o
 .debug_info    0x00006987      0xb31 build/stm32f4xx_hal.o
 .debug_info    0x000074b8     0x4061 build/stm32f4xx_hal_tim.o
 .debug_info    0x0000b519     0x1c6a build/stm32f4xx_hal_tim_ex.o
 .debug_info    0x0000d183      0x5f7 build/system_stm32f4xx.o
 .debug_info    0x0000d77a      0xa92 build/tx_initialize_high_level.o
 .debug_info    0x0000e20c      0x148 build/tx_initialize_kernel_enter.o
 .debug_info    0x0000e354      0x80b build/tx_byte_pool_create.o
 .debug_info    0x0000eb5f      0x91a build/tx_thread_create.o
 .debug_info    0x0000f479      0x717 build/tx_thread_initialize.o
 .debug_info    0x0000fb90      0x716 build/tx_thread_shell_entry.o
 .debug_info    0x000102a6      0x794 build/tx_thread_sleep.o
 .debug_info    0x00010a3a      0x69d build/tx_thread_system_preempt_check.o
 .debug_info    0x000110d7      0x8f9 build/tx_thread_system_resume.o
 .debug_info    0x000119d0      0xa02 build/tx_thread_system_suspend.o
 .debug_info    0x000123d2      0x658 build/tx_thread_time_slice.o
 .debug_info    0x00012a2a      0x699 build/tx_thread_timeout.o
 .debug_info    0x000130c3      0x930 build/txe_byte_pool_create.o
 .debug_info    0x000139f3      0x91f build/txe_thread_create.o
 .debug_info    0x00014312      0x61f build/tx_timer_expiration_process.o
 .debug_info    0x00014931      0x7ec build/tx_timer_initialize.o
 .debug_info    0x0001511d      0x207 build/tx_timer_system_activate.o
 .debug_info    0x00015324      0x1a1 build/tx_timer_system_deactivate.o
 .debug_info    0x000154c5      0x8c8 build/tx_timer_thread_entry.o
 .debug_info    0x00015d8d      0x523 build/gpio.o
 .debug_info    0x000162b0       0x22 build/startup_stm32f446xx.o
 .debug_info    0x000162d2       0x26 build/tx_initialize_low_level.o
 .debug_info    0x000162f8       0x26 build/tx_thread_schedule.o
 .debug_info    0x0001631e       0x26 build/tx_thread_stack_build.o
 .debug_info    0x00016344       0x26 build/tx_timer_interrupt.o

.debug_abbrev   0x00000000     0x3b47
 .debug_abbrev  0x00000000      0x230 build/main.o
 .debug_abbrev  0x00000230      0x1ab build/app_threadx.o
 .debug_abbrev  0x000003db      0x17c build/stm32f4xx_it.o
 .debug_abbrev  0x00000557       0xf7 build/stm32f4xx_hal_msp.o
 .debug_abbrev  0x0000064e      0x202 build/stm32f4xx_hal_timebase_tim.o
 .debug_abbrev  0x00000850      0x12b build/app_azure_rtos.o
 .debug_abbrev  0x0000097b      0x2aa build/stm32f4xx_hal_rcc.o
 .debug_abbrev  0x00000c25      0x240 build/stm32f4xx_hal_rcc_ex.o
 .debug_abbrev  0x00000e65      0x22b build/stm32f4xx_hal_gpio.o
 .debug_abbrev  0x00001090      0x382 build/stm32f4xx_hal_cortex.o
 .debug_abbrev  0x00001412      0x209 build/stm32f4xx_hal.o
 .debug_abbrev  0x0000161b      0x282 build/stm32f4xx_hal_tim.o
 .debug_abbrev  0x0000189d      0x298 build/stm32f4xx_hal_tim_ex.o
 .debug_abbrev  0x00001b35      0x11b build/system_stm32f4xx.o
 .debug_abbrev  0x00001c50      0x110 build/tx_initialize_high_level.o
 .debug_abbrev  0x00001d60       0xbe build/tx_initialize_kernel_enter.o
 .debug_abbrev  0x00001e1e      0x19a build/tx_byte_pool_create.o
 .debug_abbrev  0x00001fb8      0x1ee build/tx_thread_create.o
 .debug_abbrev  0x000021a6      0x126 build/tx_thread_initialize.o
 .debug_abbrev  0x000022cc      0x1b9 build/tx_thread_shell_entry.o
 .debug_abbrev  0x00002485      0x1b6 build/tx_thread_sleep.o
 .debug_abbrev  0x0000263b      0x1b2 build/tx_thread_system_preempt_check.o
 .debug_abbrev  0x000027ed      0x1f2 build/tx_thread_system_resume.o
 .debug_abbrev  0x000029df      0x216 build/tx_thread_system_suspend.o
 .debug_abbrev  0x00002bf5      0x1a9 build/tx_thread_time_slice.o
 .debug_abbrev  0x00002d9e      0x1ac build/tx_thread_timeout.o
 .debug_abbrev  0x00002f4a      0x1d5 build/txe_byte_pool_create.o
 .debug_abbrev  0x0000311f      0x1ed build/txe_thread_create.o
 .debug_abbrev  0x0000330c      0x194 build/tx_timer_expiration_process.o
 .debug_abbrev  0x000034a0      0x141 build/tx_timer_initialize.o
 .debug_abbrev  0x000035e1       0xd7 build/tx_timer_system_activate.o
 .debug_abbrev  0x000036b8       0xc4 build/tx_timer_system_deactivate.o
 .debug_abbrev  0x0000377c      0x218 build/tx_timer_thread_entry.o
 .debug_abbrev  0x00003994      0x151 build/gpio.o
 .debug_abbrev  0x00003ae5       0x12 build/startup_stm32f446xx.o
 .debug_abbrev  0x00003af7       0x14 build/tx_initialize_low_level.o
 .debug_abbrev  0x00003b0b       0x14 build/tx_thread_schedule.o
 .debug_abbrev  0x00003b1f       0x14 build/tx_thread_stack_build.o
 .debug_abbrev  0x00003b33       0x14 build/tx_timer_interrupt.o

.debug_loc      0x00000000     0xc6ed
 .debug_loc     0x00000000       0xc8 build/main.o
 .debug_loc     0x000000c8       0xe7 build/app_threadx.o
 .debug_loc     0x000001af       0x20 build/stm32f4xx_it.o
 .debug_loc     0x000001cf       0x38 build/stm32f4xx_hal_msp.o
 .debug_loc     0x00000207      0x136 build/stm32f4xx_hal_timebase_tim.o
 .debug_loc     0x0000033d       0x69 build/app_azure_rtos.o
 .debug_loc     0x000003a6      0x6e4 build/stm32f4xx_hal_rcc.o
 .debug_loc     0x00000a8a     0x100b build/stm32f4xx_hal_rcc_ex.o
 .debug_loc     0x00001a95      0x5e8 build/stm32f4xx_hal_gpio.o
 .debug_loc     0x0000207d      0x7a4 build/stm32f4xx_hal_cortex.o
 .debug_loc     0x00002821      0x1e1 build/stm32f4xx_hal.o
 .debug_loc     0x00002a02     0x5ba0 build/stm32f4xx_hal_tim.o
 .debug_loc     0x000085a2     0x2137 build/stm32f4xx_hal_tim_ex.o
 .debug_loc     0x0000a6d9      0x158 build/system_stm32f4xx.o
 .debug_loc     0x0000a831       0x20 build/tx_initialize_high_level.o
 .debug_loc     0x0000a851       0x20 build/tx_initialize_kernel_enter.o
 .debug_loc     0x0000a871      0x217 build/tx_byte_pool_create.o
 .debug_loc     0x0000aa88      0x419 build/tx_thread_create.o
 .debug_loc     0x0000aea1       0x20 build/tx_thread_initialize.o
 .debug_loc     0x0000aec1       0xc8 build/tx_thread_shell_entry.o
 .debug_loc     0x0000af89      0x224 build/tx_thread_sleep.o
 .debug_loc     0x0000b1ad       0x93 build/tx_thread_system_preempt_check.o
 .debug_loc     0x0000b240      0x27e build/tx_thread_system_resume.o
 .debug_loc     0x0000b4be      0x31c build/tx_thread_system_suspend.o
 .debug_loc     0x0000b7da       0x69 build/tx_thread_time_slice.o
 .debug_loc     0x0000b843      0x151 build/tx_thread_timeout.o
 .debug_loc     0x0000b994      0x342 build/txe_byte_pool_create.o
 .debug_loc     0x0000bcd6      0x540 build/txe_thread_create.o
 .debug_loc     0x0000c216       0x74 build/tx_timer_expiration_process.o
 .debug_loc     0x0000c28a       0x4d build/tx_timer_initialize.o
 .debug_loc     0x0000c2d7       0xd2 build/tx_timer_system_activate.o
 .debug_loc     0x0000c3a9       0x74 build/tx_timer_system_deactivate.o
 .debug_loc     0x0000c41d      0x298 build/tx_timer_thread_entry.o
 .debug_loc     0x0000c6b5       0x38 build/gpio.o

.debug_aranges  0x00000000      0xca0
 .debug_aranges
                0x00000000       0x38 build/main.o
 .debug_aranges
                0x00000038       0x30 build/app_threadx.o
 .debug_aranges
                0x00000068       0x50 build/stm32f4xx_it.o
 .debug_aranges
                0x000000b8       0x20 build/stm32f4xx_hal_msp.o
 .debug_aranges
                0x000000d8       0x30 build/stm32f4xx_hal_timebase_tim.o
 .debug_aranges
                0x00000108       0x20 build/app_azure_rtos.o
 .debug_aranges
                0x00000128       0x88 build/stm32f4xx_hal_rcc.o
 .debug_aranges
                0x000001b0       0x78 build/stm32f4xx_hal_rcc_ex.o
 .debug_aranges
                0x00000228       0x58 build/stm32f4xx_hal_gpio.o
 .debug_aranges
                0x00000280       0xa8 build/stm32f4xx_hal_cortex.o
 .debug_aranges
                0x00000328       0xf0 build/stm32f4xx_hal.o
 .debug_aranges
                0x00000418      0x3d0 build/stm32f4xx_hal_tim.o
 .debug_aranges
                0x000007e8      0x168 build/stm32f4xx_hal_tim_ex.o
 .debug_aranges
                0x00000950       0x28 build/system_stm32f4xx.o
 .debug_aranges
                0x00000978       0x20 build/tx_initialize_high_level.o
 .debug_aranges
                0x00000998       0x20 build/tx_initialize_kernel_enter.o
 .debug_aranges
                0x000009b8       0x20 build/tx_byte_pool_create.o
 .debug_aranges
                0x000009d8       0x20 build/tx_thread_create.o
 .debug_aranges
                0x000009f8       0x20 build/tx_thread_initialize.o
 .debug_aranges
                0x00000a18       0x20 build/tx_thread_shell_entry.o
 .debug_aranges
                0x00000a38       0x20 build/tx_thread_sleep.o
 .debug_aranges
                0x00000a58       0x20 build/tx_thread_system_preempt_check.o
 .debug_aranges
                0x00000a78       0x20 build/tx_thread_system_resume.o
 .debug_aranges
                0x00000a98       0x20 build/tx_thread_system_suspend.o
 .debug_aranges
                0x00000ab8       0x20 build/tx_thread_time_slice.o
 .debug_aranges
                0x00000ad8       0x20 build/tx_thread_timeout.o
 .debug_aranges
                0x00000af8       0x20 build/txe_byte_pool_create.o
 .debug_aranges
                0x00000b18       0x20 build/txe_thread_create.o
 .debug_aranges
                0x00000b38       0x20 build/tx_timer_expiration_process.o
 .debug_aranges
                0x00000b58       0x20 build/tx_timer_initialize.o
 .debug_aranges
                0x00000b78       0x20 build/tx_timer_system_activate.o
 .debug_aranges
                0x00000b98       0x20 build/tx_timer_system_deactivate.o
 .debug_aranges
                0x00000bb8       0x20 build/tx_timer_thread_entry.o
 .debug_aranges
                0x00000bd8       0x20 build/gpio.o
 .debug_aranges
                0x00000bf8       0x28 build/startup_stm32f446xx.o
 .debug_aranges
                0x00000c20       0x20 build/tx_initialize_low_level.o
 .debug_aranges
                0x00000c40       0x20 build/tx_thread_schedule.o
 .debug_aranges
                0x00000c60       0x20 build/tx_thread_stack_build.o
 .debug_aranges
                0x00000c80       0x20 build/tx_timer_interrupt.o

.debug_ranges   0x00000000      0xa88
 .debug_ranges  0x00000000       0x28 build/main.o
 .debug_ranges  0x00000028       0x20 build/app_threadx.o
 .debug_ranges  0x00000048       0x40 build/stm32f4xx_it.o
 .debug_ranges  0x00000088       0x10 build/stm32f4xx_hal_msp.o
 .debug_ranges  0x00000098       0x20 build/stm32f4xx_hal_timebase_tim.o
 .debug_ranges  0x000000b8       0x10 build/app_azure_rtos.o
 .debug_ranges  0x000000c8       0x90 build/stm32f4xx_hal_rcc.o
 .debug_ranges  0x00000158       0x80 build/stm32f4xx_hal_rcc_ex.o
 .debug_ranges  0x000001d8       0x48 build/stm32f4xx_hal_gpio.o
 .debug_ranges  0x00000220       0xf8 build/stm32f4xx_hal_cortex.o
 .debug_ranges  0x00000318       0xe0 build/stm32f4xx_hal.o
 .debug_ranges  0x000003f8      0x3c0 build/stm32f4xx_hal_tim.o
 .debug_ranges  0x000007b8      0x158 build/stm32f4xx_hal_tim_ex.o
 .debug_ranges  0x00000910       0x18 build/system_stm32f4xx.o
 .debug_ranges  0x00000928       0x10 build/tx_initialize_high_level.o
 .debug_ranges  0x00000938       0x10 build/tx_initialize_kernel_enter.o
 .debug_ranges  0x00000948       0x10 build/tx_byte_pool_create.o
 .debug_ranges  0x00000958       0x10 build/tx_thread_create.o
 .debug_ranges  0x00000968       0x10 build/tx_thread_initialize.o
 .debug_ranges  0x00000978       0x10 build/tx_thread_shell_entry.o
 .debug_ranges  0x00000988       0x10 build/tx_thread_sleep.o
 .debug_ranges  0x00000998       0x10 build/tx_thread_system_preempt_check.o
 .debug_ranges  0x000009a8       0x10 build/tx_thread_system_resume.o
 .debug_ranges  0x000009b8       0x10 build/tx_thread_system_suspend.o
 .debug_ranges  0x000009c8       0x10 build/tx_thread_time_slice.o
 .debug_ranges  0x000009d8       0x10 build/tx_thread_timeout.o
 .debug_ranges  0x000009e8       0x10 build/txe_byte_pool_create.o
 .debug_ranges  0x000009f8       0x10 build/txe_thread_create.o
 .debug_ranges  0x00000a08       0x10 build/tx_timer_expiration_process.o
 .debug_ranges  0x00000a18       0x10 build/tx_timer_initialize.o
 .debug_ranges  0x00000a28       0x10 build/tx_timer_system_activate.o
 .debug_ranges  0x00000a38       0x10 build/tx_timer_system_deactivate.o
 .debug_ranges  0x00000a48       0x10 build/tx_timer_thread_entry.o
 .debug_ranges  0x00000a58       0x10 build/gpio.o
 .debug_ranges  0x00000a68       0x20 build/startup_stm32f446xx.o

.debug_line     0x00000000     0xd90b
 .debug_line    0x00000000      0x38d build/main.o
 .debug_line    0x0000038d      0x253 build/app_threadx.o
 .debug_line    0x000005e0      0x291 build/stm32f4xx_it.o
 .debug_line    0x00000871      0x1aa build/stm32f4xx_hal_msp.o
 .debug_line    0x00000a1b      0x2fd build/stm32f4xx_hal_timebase_tim.o
 .debug_line    0x00000d18       0xfd build/app_azure_rtos.o
 .debug_line    0x00000e15      0xb2b build/stm32f4xx_hal_rcc.o
 .debug_line    0x00001940     0x13a3 build/stm32f4xx_hal_rcc_ex.o
 .debug_line    0x00002ce3      0x6eb build/stm32f4xx_hal_gpio.o
 .debug_line    0x000033ce      0x78c build/stm32f4xx_hal_cortex.o
 .debug_line    0x00003b5a      0x579 build/stm32f4xx_hal.o
 .debug_line    0x000040d3     0x4ab6 build/stm32f4xx_hal_tim.o
 .debug_line    0x00008b89     0x1cda build/stm32f4xx_hal_tim_ex.o
 .debug_line    0x0000a863      0x264 build/system_stm32f4xx.o
 .debug_line    0x0000aac7      0x186 build/tx_initialize_high_level.o
 .debug_line    0x0000ac4d      0x132 build/tx_initialize_kernel_enter.o
 .debug_line    0x0000ad7f      0x236 build/tx_byte_pool_create.o
 .debug_line    0x0000afb5      0x383 build/tx_thread_create.o
 .debug_line    0x0000b338      0x13e build/tx_thread_initialize.o
 .debug_line    0x0000b476      0x198 build/tx_thread_shell_entry.o
 .debug_line    0x0000b60e      0x25e build/tx_thread_sleep.o
 .debug_line    0x0000b86c      0x177 build/tx_thread_system_preempt_check.o
 .debug_line    0x0000b9e3      0x3ab build/tx_thread_system_resume.o
 .debug_line    0x0000bd8e      0x3d6 build/tx_thread_system_suspend.o
 .debug_line    0x0000c164      0x199 build/tx_thread_time_slice.o
 .debug_line    0x0000c2fd      0x17f build/tx_thread_timeout.o
 .debug_line    0x0000c47c      0x2c5 build/txe_byte_pool_create.o
 .debug_line    0x0000c741      0x31d build/txe_thread_create.o
 .debug_line    0x0000ca5e      0x14c build/tx_timer_expiration_process.o
 .debug_line    0x0000cbaa      0x190 build/tx_timer_initialize.o
 .debug_line    0x0000cd3a      0x1b4 build/tx_timer_system_activate.o
 .debug_line    0x0000ceee      0x158 build/tx_timer_system_deactivate.o
 .debug_line    0x0000d046      0x3c0 build/tx_timer_thread_entry.o
 .debug_line    0x0000d406      0x1e3 build/gpio.o
 .debug_line    0x0000d5e9       0x76 build/startup_stm32f446xx.o
 .debug_line    0x0000d65f       0x88 build/tx_initialize_low_level.o
 .debug_line    0x0000d6e7       0xc4 build/tx_thread_schedule.o
 .debug_line    0x0000d7ab       0x90 build/tx_thread_stack_build.o
 .debug_line    0x0000d83b       0xd0 build/tx_timer_interrupt.o

.debug_str      0x00000000     0x4e8c
 .debug_str     0x00000000      0x929 build/main.o
                                0x9e5 (size before relaxing)
 .debug_str     0x00000929      0x80b build/app_threadx.o
                                0x9d3 (size before relaxing)
 .debug_str     0x00001134       0xaa build/stm32f4xx_it.o
                                0x734 (size before relaxing)
 .debug_str     0x000011de       0x46 build/stm32f4xx_hal_msp.o
                                0x2d7 (size before relaxing)
 .debug_str     0x00001224      0x64d build/stm32f4xx_hal_timebase_tim.o
                                0xea2 (size before relaxing)
 .debug_str     0x00001871       0x85 build/app_azure_rtos.o
                                0x932 (size before relaxing)
 .debug_str     0x000018f6      0x234 build/stm32f4xx_hal_rcc.o
                                0x70a (size before relaxing)
 .debug_str     0x00001b2a      0x344 build/stm32f4xx_hal_rcc_ex.o
                                0x7f1 (size before relaxing)
 .debug_str     0x00001e6e      0x150 build/stm32f4xx_hal_gpio.o
                                0x4df (size before relaxing)
 .debug_str     0x00001fbe      0x4c2 build/stm32f4xx_hal_cortex.o
                                0xc47 (size before relaxing)
 .debug_str     0x00002480      0x273 build/stm32f4xx_hal.o
                                0xb9a (size before relaxing)
 .debug_str     0x000026f3      0xed1 build/stm32f4xx_hal_tim.o
                               0x1693 (size before relaxing)
 .debug_str     0x000035c4      0x591 build/stm32f4xx_hal_tim_ex.o
                                0xe94 (size before relaxing)
 .debug_str     0x00003b55       0x47 build/system_stm32f4xx.o
                                0x374 (size before relaxing)
 .debug_str     0x00003b9c      0x66a build/tx_initialize_high_level.o
                                0xefb (size before relaxing)
 .debug_str     0x00004206       0x9f build/tx_initialize_kernel_enter.o
                                0x26d (size before relaxing)
 .debug_str     0x000042a5      0x102 build/tx_byte_pool_create.o
                                0x9fe (size before relaxing)
 .debug_str     0x000043a7      0x152 build/tx_thread_create.o
                                0x9b6 (size before relaxing)
 .debug_str     0x000044f9      0x10e build/tx_thread_initialize.o
                                0x900 (size before relaxing)
 .debug_str     0x00004607       0xa1 build/tx_thread_shell_entry.o
                                0x8b3 (size before relaxing)
 .debug_str     0x000046a8       0x51 build/tx_thread_sleep.o
                                0x8a2 (size before relaxing)
 .debug_str     0x000046f9       0x95 build/tx_thread_system_preempt_check.o
                                0x8be (size before relaxing)
 .debug_str     0x0000478e       0x77 build/tx_thread_system_resume.o
                                0x963 (size before relaxing)
 .debug_str     0x00004805       0x87 build/tx_thread_system_suspend.o
                                0x997 (size before relaxing)
 .debug_str     0x0000488c       0x6c build/tx_thread_time_slice.o
                                0x89d (size before relaxing)
 .debug_str     0x000048f8       0x57 build/tx_thread_timeout.o
                                0x868 (size before relaxing)
 .debug_str     0x0000494f       0x51 build/txe_byte_pool_create.o
                                0xa81 (size before relaxing)
 .debug_str     0x000049a0       0x64 build/txe_thread_create.o
                                0x9a7 (size before relaxing)
 .debug_str     0x00004a04       0x5d build/tx_timer_expiration_process.o
                                0x850 (size before relaxing)
 .debug_str     0x00004a61      0x1c7 build/tx_timer_initialize.o
                                0x99a (size before relaxing)
 .debug_str     0x00004c28       0x6d build/tx_timer_system_activate.o
                                0x35c (size before relaxing)
 .debug_str     0x00004c95       0x3f build/tx_timer_system_deactivate.o
                                0x2fb (size before relaxing)
 .debug_str     0x00004cd4       0x92 build/tx_timer_thread_entry.o
                                0x950 (size before relaxing)
 .debug_str     0x00004d66       0x10 build/gpio.o
                                0x36b (size before relaxing)
 .debug_str     0x00004d76       0x24 build/startup_stm32f446xx.o
                                 0x44 (size before relaxing)
 .debug_str     0x00004d9a       0x23 build/tx_initialize_low_level.o
                                 0x51 (size before relaxing)
 .debug_str     0x00004dbd       0x44 build/tx_thread_schedule.o
                                 0x72 (size before relaxing)
 .debug_str     0x00004e01       0x47 build/tx_thread_stack_build.o
                                 0x75 (size before relaxing)
 .debug_str     0x00004e48       0x44 build/tx_timer_interrupt.o
                                 0x72 (size before relaxing)

.comment        0x00000000       0x49
 .comment       0x00000000       0x49 build/main.o
                                 0x4a (size before relaxing)
 .comment       0x00000049       0x4a build/app_threadx.o
 .comment       0x00000049       0x4a build/stm32f4xx_it.o
 .comment       0x00000049       0x4a build/stm32f4xx_hal_msp.o
 .comment       0x00000049       0x4a build/stm32f4xx_hal_timebase_tim.o
 .comment       0x00000049       0x4a build/app_azure_rtos.o
 .comment       0x00000049       0x4a build/stm32f4xx_hal_rcc.o
 .comment       0x00000049       0x4a build/stm32f4xx_hal_rcc_ex.o
 .comment       0x00000049       0x4a build/stm32f4xx_hal_gpio.o
 .comment       0x00000049       0x4a build/stm32f4xx_hal_cortex.o
 .comment       0x00000049       0x4a build/stm32f4xx_hal.o
 .comment       0x00000049       0x4a build/stm32f4xx_hal_tim.o
 .comment       0x00000049       0x4a build/stm32f4xx_hal_tim_ex.o
 .comment       0x00000049       0x4a build/system_stm32f4xx.o
 .comment       0x00000049       0x4a build/tx_initialize_high_level.o
 .comment       0x00000049       0x4a build/tx_initialize_kernel_enter.o
 .comment       0x00000049       0x4a build/tx_byte_pool_create.o
 .comment       0x00000049       0x4a build/tx_thread_create.o
 .comment       0x00000049       0x4a build/tx_thread_initialize.o
 .comment       0x00000049       0x4a build/tx_thread_shell_entry.o
 .comment       0x00000049       0x4a build/tx_thread_sleep.o
 .comment       0x00000049       0x4a build/tx_thread_system_preempt_check.o
 .comment       0x00000049       0x4a build/tx_thread_system_resume.o
 .comment       0x00000049       0x4a build/tx_thread_system_suspend.o
 .comment       0x00000049       0x4a build/tx_thread_time_slice.o
 .comment       0x00000049       0x4a build/tx_thread_timeout.o
 .comment       0x00000049       0x4a build/txe_byte_pool_create.o
 .comment       0x00000049       0x4a build/txe_thread_create.o
 .comment       0x00000049       0x4a build/tx_timer_expiration_process.o
 .comment       0x00000049       0x4a build/tx_timer_initialize.o
 .comment       0x00000049       0x4a build/tx_timer_system_activate.o
 .comment       0x00000049       0x4a build/tx_timer_system_deactivate.o
 .comment       0x00000049       0x4a build/tx_timer_thread_entry.o
 .comment       0x00000049       0x4a build/gpio.o

.debug_frame    0x00000000     0x1c34
 .debug_frame   0x00000000       0x70 build/main.o
 .debug_frame   0x00000070       0x5c build/app_threadx.o
 .debug_frame   0x000000cc       0x88 build/stm32f4xx_it.o
 .debug_frame   0x00000154       0x2c build/stm32f4xx_hal_msp.o
 .debug_frame   0x00000180       0x54 build/stm32f4xx_hal_timebase_tim.o
 .debug_frame   0x000001d4       0x30 build/app_azure_rtos.o
 .debug_frame   0x00000204      0x16c build/stm32f4xx_hal_rcc.o
 .debug_frame   0x00000370      0x14c build/stm32f4xx_hal_rcc_ex.o
 .debug_frame   0x000004bc       0xd8 build/stm32f4xx_hal_gpio.o
 .debug_frame   0x00000594      0x148 build/stm32f4xx_hal_cortex.o
 .debug_frame   0x000006dc      0x1ec build/stm32f4xx_hal.o
 .debug_frame   0x000008c8      0xb0c build/stm32f4xx_hal_tim.o
 .debug_frame   0x000013d4      0x40c build/stm32f4xx_hal_tim_ex.o
 .debug_frame   0x000017e0       0x30 build/system_stm32f4xx.o
 .debug_frame   0x00001810       0x28 build/tx_initialize_high_level.o
 .debug_frame   0x00001838       0x28 build/tx_initialize_kernel_enter.o
 .debug_frame   0x00001860       0x30 build/tx_byte_pool_create.o
 .debug_frame   0x00001890       0x38 build/tx_thread_create.o
 .debug_frame   0x000018c8       0x28 build/tx_thread_initialize.o
 .debug_frame   0x000018f0       0x28 build/tx_thread_shell_entry.o
 .debug_frame   0x00001918       0x28 build/tx_thread_sleep.o
 .debug_frame   0x00001940       0x20 build/tx_thread_system_preempt_check.o
 .debug_frame   0x00001960       0x2c build/tx_thread_system_resume.o
 .debug_frame   0x0000198c       0x2c build/tx_thread_system_suspend.o
 .debug_frame   0x000019b8       0x20 build/tx_thread_time_slice.o
 .debug_frame   0x000019d8       0x28 build/tx_thread_timeout.o
 .debug_frame   0x00001a00       0x54 build/txe_byte_pool_create.o
 .debug_frame   0x00001a54       0x3c build/txe_thread_create.o
 .debug_frame   0x00001a90       0x28 build/tx_timer_expiration_process.o
 .debug_frame   0x00001ab8       0x30 build/tx_timer_initialize.o
 .debug_frame   0x00001ae8       0x20 build/tx_timer_system_activate.o
 .debug_frame   0x00001b08       0x20 build/tx_timer_system_deactivate.o
 .debug_frame   0x00001b28       0x30 build/tx_timer_thread_entry.o
 .debug_frame   0x00001b58       0x30 build/gpio.o
 .debug_frame   0x00001b88       0x2c c:/program files (x86)/gnu arm embedded toolchain/10 2021.10/bin/../lib/gcc/arm-none-eabi/10.3.1/../../../../arm-none-eabi/lib/thumb/v7e-m+fp/hard\libc_nano.a(lib_a-init.o)
 .debug_frame   0x00001bb4       0x20 c:/program files (x86)/gnu arm embedded toolchain/10 2021.10/bin/../lib/gcc/arm-none-eabi/10.3.1/../../../../arm-none-eabi/lib/thumb/v7e-m+fp/hard\libc_nano.a(lib_a-memset.o)
 .debug_frame   0x00001bd4       0x2c c:/program files (x86)/gnu arm embedded toolchain/10 2021.10/bin/../lib/gcc/arm-none-eabi/10.3.1/thumb/v7e-m+fp/hard\libgcc.a(_aeabi_uldivmod.o)
 .debug_frame   0x00001c00       0x34 c:/program files (x86)/gnu arm embedded toolchain/10 2021.10/bin/../lib/gcc/arm-none-eabi/10.3.1/thumb/v7e-m+fp/hard\libgcc.a(_udivmoddi4.o)

Cross Reference Table

Symbol                                            File
ADC_IRQHandler                                    build/startup_stm32f446xx.o
AHBPrescTable                                     build/system_stm32f4xx.o
                                                  build/stm32f4xx_hal_rcc.o
APBPrescTable                                     build/system_stm32f4xx.o
                                                  build/stm32f4xx_hal_rcc.o
App_ThreadX_Init                                  build/app_threadx.o
                                                  build/app_azure_rtos.o
BusFault_Handler                                  build/stm32f4xx_it.o
CAN1_RX0_IRQHandler                               build/startup_stm32f446xx.o
CAN1_RX1_IRQHandler                               build/startup_stm32f446xx.o
CAN1_SCE_IRQHandler                               build/startup_stm32f446xx.o
CAN1_TX_IRQHandler                                build/startup_stm32f446xx.o
CAN2_RX0_IRQHandler                               build/startup_stm32f446xx.o
CAN2_RX1_IRQHandler                               build/startup_stm32f446xx.o
CAN2_SCE_IRQHandler                               build/startup_stm32f446xx.o
CAN2_TX_IRQHandler                                build/startup_stm32f446xx.o
CEC_IRQHandler                                    build/startup_stm32f446xx.o
DCMI_IRQHandler                                   build/startup_stm32f446xx.o
DMA1_Stream0_IRQHandler                           build/startup_stm32f446xx.o
DMA1_Stream1_IRQHandler                           build/startup_stm32f446xx.o
DMA1_Stream2_IRQHandler                           build/startup_stm32f446xx.o
DMA1_Stream3_IRQHandler                           build/startup_stm32f446xx.o
DMA1_Stream4_IRQHandler                           build/startup_stm32f446xx.o
DMA1_Stream5_IRQHandler                           build/startup_stm32f446xx.o
DMA1_Stream6_IRQHandler                           build/startup_stm32f446xx.o
DMA1_Stream7_IRQHandler                           build/startup_stm32f446xx.o
DMA2_Stream0_IRQHandler                           build/startup_stm32f446xx.o
DMA2_Stream1_IRQHandler                           build/startup_stm32f446xx.o
DMA2_Stream2_IRQHandler                           build/startup_stm32f446xx.o
DMA2_Stream3_IRQHandler                           build/startup_stm32f446xx.o
DMA2_Stream4_IRQHandler                           build/startup_stm32f446xx.o
DMA2_Stream5_IRQHandler                           build/startup_stm32f446xx.o
DMA2_Stream6_IRQHandler                           build/startup_stm32f446xx.o
DMA2_Stream7_IRQHandler                           build/startup_stm32f446xx.o
DebugMon_Handler                                  build/stm32f4xx_it.o
Default_Handler                                   build/startup_stm32f446xx.o
EXTI0_IRQHandler                                  build/startup_stm32f446xx.o
EXTI15_10_IRQHandler                              build/startup_stm32f446xx.o
EXTI1_IRQHandler                                  build/startup_stm32f446xx.o
EXTI2_IRQHandler                                  build/startup_stm32f446xx.o
EXTI3_IRQHandler                                  build/startup_stm32f446xx.o
EXTI4_IRQHandler                                  build/startup_stm32f446xx.o
EXTI9_5_IRQHandler                                build/startup_stm32f446xx.o
Error_Handler                                     build/main.o
FLASH_Erase_Sector                                build/stm32f4xx_hal_flash_ex.o
                                                  build/stm32f4xx_hal_flash.o
FLASH_FlushCaches                                 build/stm32f4xx_hal_flash_ex.o
                                                  build/stm32f4xx_hal_flash.o
FLASH_IRQHandler                                  build/startup_stm32f446xx.o
FLASH_WaitForLastOperation                        build/stm32f4xx_hal_flash.o
                                                  build/stm32f4xx_hal_flash_ex.o
FMC_IRQHandler                                    build/startup_stm32f446xx.o
FMPI2C1_ER_IRQHandler                             build/startup_stm32f446xx.o
FMPI2C1_EV_IRQHandler                             build/startup_stm32f446xx.o
FPU_IRQHandler                                    build/startup_stm32f446xx.o
HAL_DBGMCU_DisableDBGSleepMode                    build/stm32f4xx_hal.o
HAL_DBGMCU_DisableDBGStandbyMode                  build/stm32f4xx_hal.o
HAL_DBGMCU_DisableDBGStopMode                     build/stm32f4xx_hal.o
HAL_DBGMCU_EnableDBGSleepMode                     build/stm32f4xx_hal.o
HAL_DBGMCU_EnableDBGStandbyMode                   build/stm32f4xx_hal.o
HAL_DBGMCU_EnableDBGStopMode                      build/stm32f4xx_hal.o
HAL_DMAEx_ChangeMemory                            build/stm32f4xx_hal_dma_ex.o
HAL_DMAEx_MultiBufferStart                        build/stm32f4xx_hal_dma_ex.o
HAL_DMAEx_MultiBufferStart_IT                     build/stm32f4xx_hal_dma_ex.o
HAL_DMA_Abort                                     build/stm32f4xx_hal_dma.o
HAL_DMA_Abort_IT                                  build/stm32f4xx_hal_dma.o
                                                  build/stm32f4xx_hal_tim_ex.o
                                                  build/stm32f4xx_hal_tim.o
HAL_DMA_DeInit                                    build/stm32f4xx_hal_dma.o
HAL_DMA_GetError                                  build/stm32f4xx_hal_dma.o
HAL_DMA_GetState                                  build/stm32f4xx_hal_dma.o
HAL_DMA_IRQHandler                                build/stm32f4xx_hal_dma.o
HAL_DMA_Init                                      build/stm32f4xx_hal_dma.o
HAL_DMA_PollForTransfer                           build/stm32f4xx_hal_dma.o
HAL_DMA_RegisterCallback                          build/stm32f4xx_hal_dma.o
HAL_DMA_Start                                     build/stm32f4xx_hal_dma.o
HAL_DMA_Start_IT                                  build/stm32f4xx_hal_dma.o
                                                  build/stm32f4xx_hal_tim_ex.o
                                                  build/stm32f4xx_hal_tim.o
HAL_DMA_UnRegisterCallback                        build/stm32f4xx_hal_dma.o
HAL_DeInit                                        build/stm32f4xx_hal.o
HAL_Delay                                         build/stm32f4xx_hal.o
HAL_DisableCompensationCell                       build/stm32f4xx_hal.o
HAL_EXTI_ClearConfigLine                          build/stm32f4xx_hal_exti.o
HAL_EXTI_ClearPending                             build/stm32f4xx_hal_exti.o
HAL_EXTI_GenerateSWI                              build/stm32f4xx_hal_exti.o
HAL_EXTI_GetConfigLine                            build/stm32f4xx_hal_exti.o
HAL_EXTI_GetHandle                                build/stm32f4xx_hal_exti.o
HAL_EXTI_GetPending                               build/stm32f4xx_hal_exti.o
HAL_EXTI_IRQHandler                               build/stm32f4xx_hal_exti.o
HAL_EXTI_RegisterCallback                         build/stm32f4xx_hal_exti.o
HAL_EXTI_SetConfigLine                            build/stm32f4xx_hal_exti.o
HAL_EnableCompensationCell                        build/stm32f4xx_hal.o
HAL_FLASHEx_AdvOBGetConfig                        build/stm32f4xx_hal_flash_ex.o
HAL_FLASHEx_AdvOBProgram                          build/stm32f4xx_hal_flash_ex.o
HAL_FLASHEx_DisableFlashSleepMode                 build/stm32f4xx_hal_flash_ramfunc.o
HAL_FLASHEx_EnableFlashSleepMode                  build/stm32f4xx_hal_flash_ramfunc.o
HAL_FLASHEx_Erase                                 build/stm32f4xx_hal_flash_ex.o
HAL_FLASHEx_Erase_IT                              build/stm32f4xx_hal_flash_ex.o
HAL_FLASHEx_OBGetConfig                           build/stm32f4xx_hal_flash_ex.o
HAL_FLASHEx_OBProgram                             build/stm32f4xx_hal_flash_ex.o
HAL_FLASHEx_OB_DeSelectPCROP                      build/stm32f4xx_hal_flash_ex.o
HAL_FLASHEx_OB_SelectPCROP                        build/stm32f4xx_hal_flash_ex.o
HAL_FLASHEx_StartFlashInterfaceClk                build/stm32f4xx_hal_flash_ramfunc.o
HAL_FLASHEx_StopFlashInterfaceClk                 build/stm32f4xx_hal_flash_ramfunc.o
HAL_FLASH_EndOfOperationCallback                  build/stm32f4xx_hal_flash.o
HAL_FLASH_GetError                                build/stm32f4xx_hal_flash.o
HAL_FLASH_IRQHandler                              build/stm32f4xx_hal_flash.o
HAL_FLASH_Lock                                    build/stm32f4xx_hal_flash.o
HAL_FLASH_OB_Launch                               build/stm32f4xx_hal_flash.o
HAL_FLASH_OB_Lock                                 build/stm32f4xx_hal_flash.o
HAL_FLASH_OB_Unlock                               build/stm32f4xx_hal_flash.o
HAL_FLASH_OperationErrorCallback                  build/stm32f4xx_hal_flash.o
HAL_FLASH_Program                                 build/stm32f4xx_hal_flash.o
HAL_FLASH_Program_IT                              build/stm32f4xx_hal_flash.o
HAL_FLASH_Unlock                                  build/stm32f4xx_hal_flash.o
HAL_GPIO_DeInit                                   build/stm32f4xx_hal_gpio.o
HAL_GPIO_EXTI_Callback                            build/stm32f4xx_hal_gpio.o
HAL_GPIO_EXTI_IRQHandler                          build/stm32f4xx_hal_gpio.o
HAL_GPIO_Init                                     build/stm32f4xx_hal_gpio.o
                                                  build/gpio.o
                                                  build/stm32f4xx_hal_rcc.o
HAL_GPIO_LockPin                                  build/stm32f4xx_hal_gpio.o
HAL_GPIO_ReadPin                                  build/stm32f4xx_hal_gpio.o
HAL_GPIO_TogglePin                                build/stm32f4xx_hal_gpio.o
                                                  build/app_threadx.o
HAL_GPIO_WritePin                                 build/stm32f4xx_hal_gpio.o
                                                  build/gpio.o
HAL_GetDEVID                                      build/stm32f4xx_hal.o
HAL_GetHalVersion                                 build/stm32f4xx_hal.o
HAL_GetREVID                                      build/stm32f4xx_hal.o
HAL_GetTick                                       build/stm32f4xx_hal.o
                                                  build/stm32f4xx_hal_pwr_ex.o
                                                  build/stm32f4xx_hal_dma.o
                                                  build/stm32f4xx_hal_flash.o
                                                  build/stm32f4xx_hal_rcc_ex.o
                                                  build/stm32f4xx_hal_rcc.o
HAL_GetTickFreq                                   build/stm32f4xx_hal.o
HAL_GetTickPrio                                   build/stm32f4xx_hal.o
HAL_GetUIDw0                                      build/stm32f4xx_hal.o
HAL_GetUIDw1                                      build/stm32f4xx_hal.o
HAL_GetUIDw2                                      build/stm32f4xx_hal.o
HAL_IncTick                                       build/stm32f4xx_hal.o
                                                  build/main.o
HAL_Init                                          build/stm32f4xx_hal.o
                                                  build/main.o
HAL_InitTick                                      build/stm32f4xx_hal_timebase_tim.o
                                                  build/stm32f4xx_hal_rcc_ex.o
                                                  build/stm32f4xx_hal_rcc.o
HAL_MPU_ConfigRegion                              build/stm32f4xx_hal_cortex.o
HAL_MPU_Disable                                   build/stm32f4xx_hal_cortex.o
HAL_MPU_Enable                                    build/stm32f4xx_hal_cortex.o
HAL_MspDeInit                                     build/stm32f4xx_hal.o
HAL_MspInit                                       build/stm32f4xx_hal_msp.o
HAL_NVIC_ClearPendingIRQ                          build/stm32f4xx_hal_cortex.o
HAL_NVIC_DisableIRQ                               build/stm32f4xx_hal_cortex.o
HAL_NVIC_EnableIRQ                                build/stm32f4xx_hal_cortex.o
                                                  build/stm32f4xx_hal_timebase_tim.o
HAL_NVIC_GetActive                                build/stm32f4xx_hal_cortex.o
HAL_NVIC_GetPendingIRQ                            build/stm32f4xx_hal_cortex.o
HAL_NVIC_GetPriority                              build/stm32f4xx_hal_cortex.o
HAL_NVIC_GetPriorityGrouping                      build/stm32f4xx_hal_cortex.o
HAL_NVIC_SetPendingIRQ                            build/stm32f4xx_hal_cortex.o
HAL_NVIC_SetPriority                              build/stm32f4xx_hal_cortex.o
                                                  build/stm32f4xx_hal.o
                                                  build/stm32f4xx_hal_timebase_tim.o
HAL_NVIC_SetPriorityGrouping                      build/stm32f4xx_hal_cortex.o
                                                  build/stm32f4xx_hal.o
                                                  build/stm32f4xx_hal_msp.o
HAL_NVIC_SystemReset                              build/stm32f4xx_hal_cortex.o
HAL_PWREx_ControlVoltageScaling                   build/stm32f4xx_hal_pwr_ex.o
HAL_PWREx_DisableBkUpReg                          build/stm32f4xx_hal_pwr_ex.o
HAL_PWREx_DisableFlashPowerDown                   build/stm32f4xx_hal_pwr_ex.o
HAL_PWREx_DisableOverDrive                        build/stm32f4xx_hal_pwr_ex.o
HAL_PWREx_EnableBkUpReg                           build/stm32f4xx_hal_pwr_ex.o
HAL_PWREx_EnableFlashPowerDown                    build/stm32f4xx_hal_pwr_ex.o
HAL_PWREx_EnableOverDrive                         build/stm32f4xx_hal_pwr_ex.o
HAL_PWREx_EnterUnderDriveSTOPMode                 build/stm32f4xx_hal_pwr_ex.o
HAL_PWREx_GetVoltageRange                         build/stm32f4xx_hal_pwr_ex.o
HAL_PWR_ConfigPVD                                 build/stm32f4xx_hal_pwr.o
HAL_PWR_DeInit                                    build/stm32f4xx_hal_pwr.o
HAL_PWR_DisableBkUpAccess                         build/stm32f4xx_hal_pwr.o
HAL_PWR_DisablePVD                                build/stm32f4xx_hal_pwr.o
HAL_PWR_DisableSEVOnPend                          build/stm32f4xx_hal_pwr.o
HAL_PWR_DisableSleepOnExit                        build/stm32f4xx_hal_pwr.o
HAL_PWR_DisableWakeUpPin                          build/stm32f4xx_hal_pwr.o
HAL_PWR_EnableBkUpAccess                          build/stm32f4xx_hal_pwr.o
HAL_PWR_EnablePVD                                 build/stm32f4xx_hal_pwr.o
HAL_PWR_EnableSEVOnPend                           build/stm32f4xx_hal_pwr.o
HAL_PWR_EnableSleepOnExit                         build/stm32f4xx_hal_pwr.o
HAL_PWR_EnableWakeUpPin                           build/stm32f4xx_hal_pwr.o
HAL_PWR_EnterSLEEPMode                            build/stm32f4xx_hal_pwr.o
HAL_PWR_EnterSTANDBYMode                          build/stm32f4xx_hal_pwr.o
HAL_PWR_EnterSTOPMode                             build/stm32f4xx_hal_pwr.o
HAL_PWR_PVDCallback                               build/stm32f4xx_hal_pwr.o
HAL_PWR_PVD_IRQHandler                            build/stm32f4xx_hal_pwr.o
HAL_RCCEx_DisablePLLI2S                           build/stm32f4xx_hal_rcc_ex.o
HAL_RCCEx_DisablePLLSAI                           build/stm32f4xx_hal_rcc_ex.o
HAL_RCCEx_EnablePLLI2S                            build/stm32f4xx_hal_rcc_ex.o
HAL_RCCEx_EnablePLLSAI                            build/stm32f4xx_hal_rcc_ex.o
HAL_RCCEx_GetPeriphCLKConfig                      build/stm32f4xx_hal_rcc_ex.o
HAL_RCCEx_GetPeriphCLKFreq                        build/stm32f4xx_hal_rcc_ex.o
HAL_RCCEx_PeriphCLKConfig                         build/stm32f4xx_hal_rcc_ex.o
HAL_RCCEx_SelectLSEMode                           build/stm32f4xx_hal_rcc_ex.o
HAL_RCC_CSSCallback                               build/stm32f4xx_hal_rcc.o
HAL_RCC_ClockConfig                               build/stm32f4xx_hal_rcc.o
                                                  build/main.o
HAL_RCC_DeInit                                    build/stm32f4xx_hal_rcc_ex.o
                                                  build/stm32f4xx_hal_rcc.o
HAL_RCC_DisableCSS                                build/stm32f4xx_hal_rcc.o
HAL_RCC_EnableCSS                                 build/stm32f4xx_hal_rcc.o
HAL_RCC_GetClockConfig                            build/stm32f4xx_hal_rcc.o
                                                  build/stm32f4xx_hal_timebase_tim.o
HAL_RCC_GetHCLKFreq                               build/stm32f4xx_hal_rcc.o
HAL_RCC_GetOscConfig                              build/stm32f4xx_hal_rcc_ex.o
                                                  build/stm32f4xx_hal_rcc.o
HAL_RCC_GetPCLK1Freq                              build/stm32f4xx_hal_rcc.o
                                                  build/stm32f4xx_hal_timebase_tim.o
HAL_RCC_GetPCLK2Freq                              build/stm32f4xx_hal_rcc.o
HAL_RCC_GetSysClockFreq                           build/stm32f4xx_hal_rcc_ex.o
                                                  build/stm32f4xx_hal_rcc.o
HAL_RCC_MCOConfig                                 build/stm32f4xx_hal_rcc.o
HAL_RCC_NMI_IRQHandler                            build/stm32f4xx_hal_rcc.o
HAL_RCC_OscConfig                                 build/stm32f4xx_hal_rcc_ex.o
                                                  build/stm32f4xx_hal_rcc.o
                                                  build/main.o
HAL_ResumeTick                                    build/stm32f4xx_hal_timebase_tim.o
HAL_SYSTICK_CLKSourceConfig                       build/stm32f4xx_hal_cortex.o
HAL_SYSTICK_Callback                              build/stm32f4xx_hal_cortex.o
HAL_SYSTICK_Config                                build/stm32f4xx_hal_cortex.o
                                                  build/stm32f4xx_hal.o
HAL_SYSTICK_IRQHandler                            build/stm32f4xx_hal_cortex.o
HAL_SetTickFreq                                   build/stm32f4xx_hal.o
HAL_SuspendTick                                   build/stm32f4xx_hal_timebase_tim.o
HAL_TIMEx_BreakCallback                           build/stm32f4xx_hal_tim_ex.o
                                                  build/stm32f4xx_hal_tim.o
HAL_TIMEx_CommutCallback                          build/stm32f4xx_hal_tim_ex.o
                                                  build/stm32f4xx_hal_tim.o
HAL_TIMEx_CommutHalfCpltCallback                  build/stm32f4xx_hal_tim_ex.o
HAL_TIMEx_ConfigBreakDeadTime                     build/stm32f4xx_hal_tim_ex.o
HAL_TIMEx_ConfigCommutEvent                       build/stm32f4xx_hal_tim_ex.o
HAL_TIMEx_ConfigCommutEvent_DMA                   build/stm32f4xx_hal_tim_ex.o
HAL_TIMEx_ConfigCommutEvent_IT                    build/stm32f4xx_hal_tim_ex.o
HAL_TIMEx_GetChannelNState                        build/stm32f4xx_hal_tim_ex.o
HAL_TIMEx_HallSensor_DeInit                       build/stm32f4xx_hal_tim_ex.o
HAL_TIMEx_HallSensor_GetState                     build/stm32f4xx_hal_tim_ex.o
HAL_TIMEx_HallSensor_Init                         build/stm32f4xx_hal_tim_ex.o
HAL_TIMEx_HallSensor_MspDeInit                    build/stm32f4xx_hal_tim_ex.o
HAL_TIMEx_HallSensor_MspInit                      build/stm32f4xx_hal_tim_ex.o
HAL_TIMEx_HallSensor_Start                        build/stm32f4xx_hal_tim_ex.o
HAL_TIMEx_HallSensor_Start_DMA                    build/stm32f4xx_hal_tim_ex.o
HAL_TIMEx_HallSensor_Start_IT                     build/stm32f4xx_hal_tim_ex.o
HAL_TIMEx_HallSensor_Stop                         build/stm32f4xx_hal_tim_ex.o
HAL_TIMEx_HallSensor_Stop_DMA                     build/stm32f4xx_hal_tim_ex.o
HAL_TIMEx_HallSensor_Stop_IT                      build/stm32f4xx_hal_tim_ex.o
HAL_TIMEx_MasterConfigSynchronization             build/stm32f4xx_hal_tim_ex.o
HAL_TIMEx_OCN_Start                               build/stm32f4xx_hal_tim_ex.o
HAL_TIMEx_OCN_Start_DMA                           build/stm32f4xx_hal_tim_ex.o
HAL_TIMEx_OCN_Start_IT                            build/stm32f4xx_hal_tim_ex.o
HAL_TIMEx_OCN_Stop                                build/stm32f4xx_hal_tim_ex.o
HAL_TIMEx_OCN_Stop_DMA                            build/stm32f4xx_hal_tim_ex.o
HAL_TIMEx_OCN_Stop_IT                             build/stm32f4xx_hal_tim_ex.o
HAL_TIMEx_OnePulseN_Start                         build/stm32f4xx_hal_tim_ex.o
HAL_TIMEx_OnePulseN_Start_IT                      build/stm32f4xx_hal_tim_ex.o
HAL_TIMEx_OnePulseN_Stop                          build/stm32f4xx_hal_tim_ex.o
HAL_TIMEx_OnePulseN_Stop_IT                       build/stm32f4xx_hal_tim_ex.o
HAL_TIMEx_PWMN_Start                              build/stm32f4xx_hal_tim_ex.o
HAL_TIMEx_PWMN_Start_DMA                          build/stm32f4xx_hal_tim_ex.o
HAL_TIMEx_PWMN_Start_IT                           build/stm32f4xx_hal_tim_ex.o
HAL_TIMEx_PWMN_Stop                               build/stm32f4xx_hal_tim_ex.o
HAL_TIMEx_PWMN_Stop_DMA                           build/stm32f4xx_hal_tim_ex.o
HAL_TIMEx_PWMN_Stop_IT                            build/stm32f4xx_hal_tim_ex.o
HAL_TIMEx_RemapConfig                             build/stm32f4xx_hal_tim_ex.o
HAL_TIM_Base_DeInit                               build/stm32f4xx_hal_tim.o
HAL_TIM_Base_GetState                             build/stm32f4xx_hal_tim.o
HAL_TIM_Base_Init                                 build/stm32f4xx_hal_tim.o
                                                  build/stm32f4xx_hal_timebase_tim.o
HAL_TIM_Base_MspDeInit                            build/stm32f4xx_hal_tim.o
HAL_TIM_Base_MspInit                              build/stm32f4xx_hal_tim.o
HAL_TIM_Base_Start                                build/stm32f4xx_hal_tim.o
HAL_TIM_Base_Start_DMA                            build/stm32f4xx_hal_tim.o
HAL_TIM_Base_Start_IT                             build/stm32f4xx_hal_tim.o
                                                  build/stm32f4xx_hal_timebase_tim.o
HAL_TIM_Base_Stop                                 build/stm32f4xx_hal_tim.o
HAL_TIM_Base_Stop_DMA                             build/stm32f4xx_hal_tim.o
HAL_TIM_Base_Stop_IT                              build/stm32f4xx_hal_tim.o
HAL_TIM_ConfigClockSource                         build/stm32f4xx_hal_tim.o
HAL_TIM_ConfigOCrefClear                          build/stm32f4xx_hal_tim.o
HAL_TIM_ConfigTI1Input                            build/stm32f4xx_hal_tim.o
HAL_TIM_DMABurstState                             build/stm32f4xx_hal_tim.o